** Drc report for rp2350_bare.kicad_pcb **
** Created on 2026-08-27T21:13:37 **
** Report includes: Errors, Warnings **

** Found 208 DRC violations **
[solder_mask_bridge]: 異なるネットのアイテムが表面ハンダマスクのアパーチャで接続されている
    Rule: 基板セットアップのハンダマスクの最小幅; error
    @(106.0050 mm, 97.0000 mm): 配線 [+3V3] ( F.Cu 上、長さ: 0.3950 mm )
    @(106.2000 mm, 96.0000 mm): パッド 1 [LED_K] - D2 ( F.Cu 上)
[solder_mask_bridge]: 異なるネットのアイテムが表面ハンダマスクのアパーチャで接続されている
    Rule: 基板セットアップのハンダマスクの最小幅; error
    @(103.8500 mm, 96.1500 mm): ビア [GND] (F.Cu - B.Cu 上)
    @(103.2000 mm, 96.0000 mm): パッド 1 [/GPIO25] - R14 ( F.Cu 上)
[solder_mask_bridge]: 異なるネットのアイテムが表面ハンダマスクのアパーチャで接続されている
    Rule: 基板セットアップのハンダマスクの最小幅; error
    @(102.8000 mm, 96.5500 mm): パッド 46 [/VREG_AVDD] - U1 ( F.Cu 上)
    @(103.2000 mm, 96.0000 mm): パッド 1 [/GPIO25] - R14 ( F.Cu 上)
[solder_mask_bridge]: 異なるネットのアイテムが表面ハンダマスクのアパーチャで接続されている
    Rule: 基板セットアップのハンダマスクの最小幅; error
    @(89.4500 mm, 85.3700 mm): パッド 1 [/FLASH_SS] - U3 ( F.Cu 上)
    @(90.0500 mm, 84.9500 mm): パッド 1 [USB_A_DP] - U4 ( F.Cu 上)
[solder_mask_bridge]: 異なるネットのアイテムが表面ハンダマスクのアパーチャで接続されている
    Rule: 基板セットアップのハンダマスクの最小幅; error
    @(103.6400 mm, 95.5600 mm): 配線 [/VREG_AVDD] ( F.Cu 上、長さ: 0.5300 mm )
    @(103.2000 mm, 96.0000 mm): パッド 1 [/GPIO25] - R14 ( F.Cu 上)
[solder_mask_bridge]: 異なるネットのアイテムが表面ハンダマスクのアパーチャで接続されている
    Rule: 基板セットアップのハンダマスクの最小幅; error
    @(104.2000 mm, 95.4250 mm): パッド 2 [GND] - C9 ( F.Cu 上)
    @(104.8000 mm, 96.0000 mm): パッド 2 [LED_K] - R14 ( F.Cu 上)
[solder_mask_bridge]: 異なるネットのアイテムが表面ハンダマスクのアパーチャで接続されている
    Rule: 基板セットアップのハンダマスクの最小幅; error
    @(106.0050 mm, 96.6050 mm): 配線 [+3V3] ( F.Cu 上、長さ: 0.0071 mm )
    @(106.2000 mm, 96.0000 mm): パッド 1 [LED_K] - D2 ( F.Cu 上)
[solder_mask_bridge]: 異なるネットのアイテムが表面ハンダマスクのアパーチャで接続されている
    Rule: 基板セットアップのハンダマスクの最小幅; error
    @(91.3000 mm, 82.7100 mm): 配線 [/FLASH_SS] ( F.Cu 上、長さ: 1.7000 mm )
    @(91.9500 mm, 83.0500 mm): パッド 4 [GND] - U4 ( F.Cu 上)
[solder_mask_bridge]: 異なるネットのアイテムが表面ハンダマスクのアパーチャで接続されている
    Rule: 基板セットアップのハンダマスクの最小幅; error
    @(91.3000 mm, 82.7100 mm): 配線 [/FLASH_SS] ( F.Cu 上、長さ: 1.7000 mm )
    @(91.0000 mm, 83.0500 mm): パッド 5 [USB_A_VBUS] - U4 ( F.Cu 上)
[solder_mask_bridge]: 異なるネットのアイテムが表面ハンダマスクのアパーチャで接続されている
    Rule: 基板セットアップのハンダマスクの最小幅; error
    @(91.2900 mm, 82.7000 mm): 配線 [/FLASH_SS] ( F.Cu 上、長さ: 0.0141 mm )
    @(91.0000 mm, 83.0500 mm): パッド 5 [USB_A_VBUS] - U4 ( F.Cu 上)
[solder_mask_bridge]: 異なるネットのアイテムが表面ハンダマスクのアパーチャで接続されている
    Rule: 基板セットアップのハンダマスクの最小幅; error
    @(89.4100 mm, 82.7000 mm): 配線 [/FLASH_SS] ( F.Cu 上、長さ: 1.8800 mm )
    @(91.0000 mm, 83.0500 mm): パッド 5 [USB_A_VBUS] - U4 ( F.Cu 上)
[solder_mask_bridge]: 異なるネットのアイテムが表面ハンダマスクのアパーチャで接続されている
    Rule: 基板セットアップのハンダマスクの最小幅; error
    @(89.4100 mm, 82.7000 mm): 配線 [/FLASH_SS] ( F.Cu 上、長さ: 1.8800 mm )
    @(90.0500 mm, 83.0500 mm): パッド 6 [GND] - U4 ( F.Cu 上)
[solder_mask_bridge]: 異なるネットのアイテムが表面ハンダマスクのアパーチャで接続されている
    Rule: 基板セットアップのハンダマスクの最小幅; error
    @(90.1250 mm, 73.1250 mm): パッド 3 [/~{USB_BOOT}] - SW1 ( F.Cu 上)
    @(90.0500 mm, 72.9500 mm): パッド 1 [GND] - U3 ( F.Cu 上)
[solder_mask_bridge]: 異なるネットのアイテムが表面ハンダマスクのアパーチャで接続されている
    Rule: 基板セットアップのハンダマスクの最小幅; error
    @(104.2000 mm, 95.4300 mm): 配線 [GND] ( F.Cu 上、長さ: 0.3700 mm )
    @(104.8000 mm, 96.0000 mm): パッド 2 [LED_K] - R14 ( F.Cu 上)
[solder_mask_bridge]: 異なるネットのアイテムが表面ハンダマスクのアパーチャで接続されている
    Rule: 基板セットアップのハンダマスクの最小幅; error
    @(112.2000 mm, 92.8225 mm): 配線 [/GPIO29_ADC3] ( F.Cu 上、長さ: 9.4413 mm )
    @(112.0000 mm, 88.0000 mm): PTHパッド 3 [/GPIO0] (J6)
[solder_mask_bridge]: 異なるネットのアイテムが表面ハンダマスクのアパーチャで接続されている
    Rule: 基板セットアップのハンダマスクの最小幅; error
    @(102.8000 mm, 96.4000 mm): 配線 [/VREG_AVDD] ( F.Cu 上、長さ: 1.1879 mm )
    @(103.2000 mm, 96.0000 mm): パッド 1 [/GPIO25] - R14 ( F.Cu 上)
[solder_mask_bridge]: 異なるネットのアイテムが表面ハンダマスクのアパーチャで接続されている
    Rule: 基板セットアップのハンダマスクの最小幅; error
    @(104.2000 mm, 95.8000 mm): 配線 [GND] ( F.Cu 上、長さ: 0.4950 mm )
    @(103.2000 mm, 96.0000 mm): パッド 1 [/GPIO25] - R14 ( F.Cu 上)
[solder_mask_bridge]: 異なるネットのアイテムが表面ハンダマスクのアパーチャで接続されている
    Rule: 基板セットアップのハンダマスクの最小幅; error
    @(102.8000 mm, 96.5625 mm): 配線 [/VREG_AVDD] ( F.Cu 上、長さ: 0.1625 mm )
    @(103.2000 mm, 96.0000 mm): パッド 1 [/GPIO25] - R14 ( F.Cu 上)
[solder_mask_bridge]: 異なるネットのアイテムが表面ハンダマスクのアパーチャで接続されている
    Rule: 基板セットアップのハンダマスクの最小幅; error
    @(104.2000 mm, 95.8000 mm): 配線 [GND] ( F.Cu 上、長さ: 0.4950 mm )
    @(104.8000 mm, 96.0000 mm): パッド 2 [LED_K] - R14 ( F.Cu 上)
[solder_mask_bridge]: 異なるネットのアイテムが表面ハンダマスクのアパーチャで接続されている
    Rule: 基板セットアップのハンダマスクの最小幅; error
    @(114.2000 mm, 93.1925 mm): 配線 [/GPIO27_ADC1] ( F.Cu 上、長さ: 6.7225 mm )
    @(114.5400 mm, 88.0000 mm): PTHパッド 4 [/GPIO1] (J6)
[solder_mask_bridge]: 異なるネットのアイテムが表面ハンダマスクのアパーチャで接続されている
    Rule: 基板セットアップのハンダマスクの最小幅; error
    @(90.1250 mm, 77.2500 mm): 配線 [/~{USB_BOOT}] ( F.Cu 上、長さ: 4.1250 mm )
    @(90.0500 mm, 72.9500 mm): パッド 1 [GND] - U3 ( F.Cu 上)
[solder_mask_bridge]: 異なるネットのアイテムが表面ハンダマスクのアパーチャで接続されている
    Rule: 基板セットアップのハンダマスクの最小幅; error
    @(115.2000 mm, 88.0100 mm): 配線 [/GPIO26_ADC0] ( F.Cu 上、長さ: 9.0368 mm )
    @(114.5400 mm, 88.0000 mm): PTHパッド 4 [/GPIO1] (J6)
[solder_mask_bridge]: 異なるネットのアイテムが表面ハンダマスクのアパーチャで接続されている
    Rule: 基板セットアップのハンダマスクの最小幅; error
    @(115.2000 mm, 93.4000 mm): 配線 [/GPIO26_ADC0] ( F.Cu 上、長さ: 5.3900 mm )
    @(114.5400 mm, 88.0000 mm): PTHパッド 4 [/GPIO1] (J6)
[solder_mask_bridge]: 異なるネットのアイテムが表面ハンダマスクのアパーチャで接続されている
    Rule: 基板セットアップのハンダマスクの最小幅; error
    @(72.5000 mm, 72.0000 mm): 配線 [USB_A_VBUS] ( F.Cu 上、長さ: 17.5757 mm )
    @(90.0500 mm, 71.0500 mm): パッド 5 [GND] - U3 ( F.Cu 上)
[solder_mask_bridge]: 異なるネットのアイテムが表面ハンダマスクのアパーチャで接続されている
    Rule: 基板セットアップのハンダマスクの最小幅; error
    @(116.2000 mm, 89.5500 mm): 配線 [/GPIO25] ( F.Cu 上、長さ: 7.6226 mm )
    @(117.0800 mm, 88.0000 mm): PTHパッド 5 [/RUN] (J6)
[solder_mask_bridge]: 異なるネットのアイテムが表面ハンダマスクのアパーチャで接続されている
    Rule: 基板セットアップのハンダマスクの最小幅; error
    @(72.5000 mm, 72.0000 mm): 配線 [USB_A_VBUS] ( F.Cu 上、長さ: 17.5757 mm )
    @(75.0000 mm, 72.0000 mm): PTHパッド 2 [USB_A_DM] (J2)
[solder_mask_bridge]: 異なるネットのアイテムが表面ハンダマスクのアパーチャで接続されている
    Rule: 基板セットアップのハンダマスクの最小幅; error
    @(72.5000 mm, 72.0000 mm): 配線 [USB_A_VBUS] ( F.Cu 上、長さ: 17.5757 mm )
    @(77.0000 mm, 72.0000 mm): PTHパッド 3 [USB_A_DP] (J2)
[solder_mask_bridge]: 異なるネットのアイテムが表面ハンダマスクのアパーチャで接続されている
    Rule: 基板セットアップのハンダマスクの最小幅; error
    @(72.5000 mm, 72.0000 mm): 配線 [USB_A_VBUS] ( F.Cu 上、長さ: 17.5757 mm )
    @(79.5000 mm, 72.0000 mm): PTHパッド 4 [GND] (J2)
[solder_mask_bridge]: 異なるネットのアイテムが表面ハンダマスクのアパーチャで接続されている
    Rule: 基板セットアップのハンダマスクの最小幅; error
    @(72.5000 mm, 72.0000 mm): 配線 [USB_A_VBUS] ( F.Cu 上、長さ: 17.5757 mm )
    @(83.2000 mm, 72.0000 mm): パッド 1 [VBUS] - R13 ( F.Cu 上)
[solder_mask_bridge]: 異なるネットのアイテムが表面ハンダマスクのアパーチャで接続されている
    Rule: 基板セットアップのハンダマスクの最小幅; error
    @(72.5000 mm, 72.0000 mm): 配線 [USB_A_VBUS] ( F.Cu 上、長さ: 17.5757 mm )
    @(84.8000 mm, 72.0000 mm): パッド 2 [VBUS] - R13 ( F.Cu 上)
[solder_mask_bridge]: 異なるネットのアイテムが表面ハンダマスクのアパーチャで接続されている
    Rule: 基板セットアップのハンダマスクの最小幅; error
    @(77.0000 mm, 72.0000 mm): 配線 [USB_A_DP] ( F.Cu 上、長さ: 17.0617 mm )
    @(89.3750 mm, 82.7000 mm): パッド 2 [/FLASH_SS] - R10 ( F.Cu 上)
[solder_mask_bridge]: 異なるネットのアイテムが表面ハンダマスクのアパーチャで接続されている
    Rule: 基板セットアップのハンダマスクの最小幅; error
    @(77.0000 mm, 72.0000 mm): 配線 [USB_A_DP] ( F.Cu 上、長さ: 17.0617 mm )
    @(88.4250 mm, 81.3000 mm): パッド 1 [/QSPI_SS] - R6 ( F.Cu 上)
[solder_mask_bridge]: 異なるネットのアイテムが表面ハンダマスクのアパーチャで接続されている
    Rule: 基板セットアップのハンダマスクの最小幅; error
    @(77.0000 mm, 72.0000 mm): 配線 [USB_A_DP] ( F.Cu 上、長さ: 17.0617 mm )
    @(90.0500 mm, 83.0500 mm): パッド 6 [GND] - U4 ( F.Cu 上)
[solder_mask_bridge]: 異なるネットのアイテムが表面ハンダマスクのアパーチャで接続されている
    Rule: 基板セットアップのハンダマスクの最小幅; error
    @(91.3000 mm, 82.6750 mm): パッド 2 [/FLASH_SS] - R9 ( F.Cu 上)
    @(91.0000 mm, 83.0500 mm): パッド 5 [USB_A_VBUS] - U4 ( F.Cu 上)
[solder_mask_bridge]: 異なるネットのアイテムが表面ハンダマスクのアパーチャで接続されている
    Rule: 基板セットアップのハンダマスクの最小幅; error
    @(77.0000 mm, 72.0000 mm): 配線 [USB_A_DP] ( F.Cu 上、長さ: 17.0617 mm )
    @(84.2150 mm, 78.0000 mm): パッド 1 [+3V3] - C19 ( F.Cu 上)
[solder_mask_bridge]: 異なるネットのアイテムが表面ハンダマスクのアパーチャで接続されている
    Rule: 基板セットアップのハンダマスクの最小幅; error
    @(77.0000 mm, 72.0000 mm): 配線 [USB_A_DP] ( F.Cu 上、長さ: 17.0617 mm )
    @(78.4100 mm, 74.0000 mm): PTHパッド 2 [+3V3] (J5)
[solder_mask_bridge]: 異なるネットのアイテムが表面ハンダマスクのアパーチャで接続されている
    Rule: 基板セットアップのハンダマスクの最小幅; error
    @(75.0000 mm, 72.0000 mm): 配線 [USB_A_DM] ( F.Cu 上、長さ: 20.7390 mm )
    @(91.0000 mm, 83.0500 mm): パッド 5 [USB_A_VBUS] - U4 ( F.Cu 上)
[solder_mask_bridge]: 異なるネットのアイテムが表面ハンダマスクのアパーチャで接続されている
    Rule: 基板セットアップのハンダマスクの最小幅; error
    @(75.0000 mm, 72.0000 mm): 配線 [USB_A_DM] ( F.Cu 上、長さ: 20.7390 mm )
    @(89.3750 mm, 82.7000 mm): パッド 2 [/FLASH_SS] - R10 ( F.Cu 上)
[solder_mask_bridge]: 異なるネットのアイテムが表面ハンダマスクのアパーチャで接続されている
    Rule: 基板セットアップのハンダマスクの最小幅; error
    @(75.0000 mm, 72.0000 mm): 配線 [USB_A_DM] ( F.Cu 上、長さ: 20.7390 mm )
    @(88.4250 mm, 81.3000 mm): パッド 1 [/QSPI_SS] - R6 ( F.Cu 上)
[solder_mask_bridge]: 異なるネットのアイテムが表面ハンダマスクのアパーチャで接続されている
    Rule: 基板セットアップのハンダマスクの最小幅; error
    @(75.0000 mm, 72.0000 mm): 配線 [USB_A_DM] ( F.Cu 上、長さ: 20.7390 mm )
    @(90.0500 mm, 83.0500 mm): パッド 6 [GND] - U4 ( F.Cu 上)
[solder_mask_bridge]: 異なるネットのアイテムが表面ハンダマスクのアパーチャで接続されている
    Rule: 基板セットアップのハンダマスクの最小幅; error
    @(75.0000 mm, 72.0000 mm): 配線 [USB_A_DM] ( F.Cu 上、長さ: 20.7390 mm )
    @(75.8700 mm, 74.0000 mm): PTHパッド 1 [GND] (J5)
[solder_mask_bridge]: 異なるネットのアイテムが表面ハンダマスクのアパーチャで接続されている
    Rule: 基板セットアップのハンダマスクの最小幅; error
    @(75.0000 mm, 72.0000 mm): 配線 [USB_A_DM] ( F.Cu 上、長さ: 20.7390 mm )
    @(84.2150 mm, 78.0000 mm): パッド 1 [+3V3] - C19 ( F.Cu 上)
[solder_mask_bridge]: 異なるネットのアイテムが表面ハンダマスクのアパーチャで接続されている
    Rule: 基板セットアップのハンダマスクの最小幅; error
    @(75.0000 mm, 72.0000 mm): 配線 [USB_A_DM] ( F.Cu 上、長さ: 20.7390 mm )
    @(78.4100 mm, 74.0000 mm): PTHパッド 2 [+3V3] (J5)
[solder_mask_bridge]: 異なるネットのアイテムが表面ハンダマスクのアパーチャで接続されている
    Rule: 基板セットアップのハンダマスクの最小幅; error
    @(103.2000 mm, 84.0000 mm): 配線 [USB_A_DP] ( F.Cu 上、長さ: 11.2900 mm )
    @(91.9500 mm, 84.9500 mm): パッド 3 [USB_A_DM] - U4 ( F.Cu 上)
[solder_mask_bridge]: 異なるネットのアイテムが表面ハンダマスクのアパーチャで接続されている
    Rule: 基板セットアップのハンダマスクの最小幅; error
    @(103.2000 mm, 84.0000 mm): 配線 [USB_A_DP] ( F.Cu 上、長さ: 11.2900 mm )
    @(103.2000 mm, 84.0000 mm): パッド 1 [/GPIO12] - R3 ( F.Cu 上)
[solder_mask_bridge]: 異なるネットのアイテムが表面ハンダマスクのアパーチャで接続されている
    Rule: 基板セットアップのハンダマスクの最小幅; error
    @(102.5150 mm, 95.3900 mm): パッド 2 [GND] - C6 ( F.Cu 上)
    @(103.2000 mm, 96.0000 mm): パッド 1 [/GPIO25] - R14 ( F.Cu 上)
[solder_mask_bridge]: 異なるネットのアイテムが表面ハンダマスクのアパーチャで接続されている
    Rule: 基板セットアップのハンダマスクの最小幅; error
    @(103.2000 mm, 88.0000 mm): 配線 [USB_A_DM] ( F.Cu 上、長さ: 12.2909 mm )
    @(96.6500 mm, 85.3700 mm): パッド 8 [+3V3] - U3 ( F.Cu 上)
[solder_mask_bridge]: 異なるネットのアイテムが表面ハンダマスクのアパーチャで接続されている
    Rule: 基板セットアップのハンダマスクの最小幅; error
    @(103.2000 mm, 88.0000 mm): 配線 [USB_A_DM] ( F.Cu 上、長さ: 12.2909 mm )
    @(91.9500 mm, 83.0500 mm): パッド 4 [GND] - U4 ( F.Cu 上)
[solder_mask_bridge]: 異なるネットのアイテムが表面ハンダマスクのアパーチャで接続されている
    Rule: 基板セットアップのハンダマスクの最小幅; error
    @(103.2000 mm, 88.0000 mm): 配線 [USB_A_DM] ( F.Cu 上、長さ: 12.2909 mm )
    @(103.2000 mm, 88.0000 mm): パッド 1 [/GPIO13] - R4 ( F.Cu 上)
[solder_mask_bridge]: 異なるネットのアイテムが表面ハンダマスクのアパーチャで接続されている
    Rule: 基板セットアップのハンダマスクの最小幅; error
    @(108.1250 mm, 89.0000 mm): パッド 1 [+3V3] - C5 ( F.Cu 上)
    @(106.9200 mm, 88.0000 mm): PTHパッド 1 [GND] (J6)
[solder_mask_bridge]: 異なるネットのアイテムが表面ハンダマスクのアパーチャで接続されている
    Rule: 基板セットアップのハンダマスクの最小幅; error
    @(109.9250 mm, 89.0000 mm): パッド 2 [GND] - C5 ( F.Cu 上)
    @(109.4600 mm, 88.0000 mm): PTHパッド 2 [+3V3] (J6)
[solder_mask_bridge]: 異なるネットのアイテムが表面ハンダマスクのアパーチャで接続されている
    Rule: 基板セットアップのハンダマスクの最小幅; error
    @(75.0000 mm, 72.0000 mm): PTHパッド 2 [USB_A_DM] (J2)
    @(125.5000 mm, 120.5000 mm): ゾーン [+3V3] F.Cu 上, 優先度 0
[solder_mask_bridge]: 異なるネットのアイテムが裏面ハンダマスクのアパーチャで接続されている
    Rule: 基板セットアップのハンダマスクの最小幅; error
    @(75.0000 mm, 72.0000 mm): PTHパッド 2 [USB_A_DM] (J2)
    @(125.5000 mm, 120.5000 mm): ゾーン [GND] B.Cu 上, 優先度 0
[solder_mask_bridge]: 異なるネットのアイテムが表面ハンダマスクのアパーチャで接続されている
    Rule: 基板セットアップのハンダマスクの最小幅; error
    @(77.0000 mm, 72.0000 mm): PTHパッド 3 [USB_A_DP] (J2)
    @(125.5000 mm, 120.5000 mm): ゾーン [+3V3] F.Cu 上, 優先度 0
[solder_mask_bridge]: 異なるネットのアイテムが裏面ハンダマスクのアパーチャで接続されている
    Rule: 基板セットアップのハンダマスクの最小幅; error
    @(77.0000 mm, 72.0000 mm): PTHパッド 3 [USB_A_DP] (J2)
    @(125.5000 mm, 120.5000 mm): ゾーン [GND] B.Cu 上, 優先度 0
[solder_mask_bridge]: 異なるネットのアイテムが表面ハンダマスクのアパーチャで接続されている
    Rule: 基板セットアップのハンダマスクの最小幅; error
    @(79.5000 mm, 72.0000 mm): PTHパッド 4 [GND] (J2)
    @(125.5000 mm, 120.5000 mm): ゾーン [+3V3] F.Cu 上, 優先度 0
[solder_mask_bridge]: 異なるネットのアイテムが表面ハンダマスクのアパーチャで接続されている
    Rule: 基板セットアップのハンダマスクの最小幅; error
    @(82.5700 mm, 74.7000 mm): PTHパッド 6 [GND] (J2)
    @(125.5000 mm, 120.5000 mm): ゾーン [+3V3] F.Cu 上, 優先度 0
[solder_mask_bridge]: 異なるネットのアイテムが表面ハンダマスクのアパーチャで接続されている
    Rule: 基板セットアップのハンダマスクの最小幅; error
    @(90.0500 mm, 72.9500 mm): パッド 1 [GND] - U3 ( F.Cu 上)
    @(125.5000 mm, 120.5000 mm): ゾーン [+3V3] F.Cu 上, 優先度 0
[solder_mask_bridge]: 異なるネットのアイテムが表面ハンダマスクのアパーチャで接続されている
    Rule: 基板セットアップのハンダマスクの最小幅; error
    @(91.0000 mm, 72.9500 mm): パッド 2 [VBUS] - U3 ( F.Cu 上)
    @(125.5000 mm, 120.5000 mm): ゾーン [+3V3] F.Cu 上, 優先度 0
[solder_mask_bridge]: 異なるネットのアイテムが表面ハンダマスクのアパーチャで接続されている
    Rule: 基板セットアップのハンダマスクの最小幅; error
    @(91.9500 mm, 72.9500 mm): パッド 3 [GND] - U3 ( F.Cu 上)
    @(125.5000 mm, 120.5000 mm): ゾーン [+3V3] F.Cu 上, 優先度 0
[solder_mask_bridge]: 異なるネットのアイテムが表面ハンダマスクのアパーチャで接続されている
    Rule: 基板セットアップのハンダマスクの最小幅; error
    @(91.9500 mm, 71.0500 mm): パッド 4 [USB_A_VBUS] - U3 ( F.Cu 上)
    @(125.5000 mm, 120.5000 mm): ゾーン [+3V3] F.Cu 上, 優先度 0
[solder_mask_bridge]: 異なるネットのアイテムが表面ハンダマスクのアパーチャで接続されている
    Rule: 基板セットアップのハンダマスクの最小幅; error
    @(90.0500 mm, 71.0500 mm): パッド 5 [GND] - U3 ( F.Cu 上)
    @(125.5000 mm, 120.5000 mm): ゾーン [+3V3] F.Cu 上, 優先度 0
[solder_mask_bridge]: 異なるネットのアイテムが表面ハンダマスクのアパーチャで接続されている
    Rule: 基板セットアップのハンダマスクの最小幅; error
    @(90.0500 mm, 84.9500 mm): パッド 1 [USB_A_DP] - U4 ( F.Cu 上)
    @(125.5000 mm, 120.5000 mm): ゾーン [+3V3] F.Cu 上, 優先度 0
[solder_mask_bridge]: 異なるネットのアイテムが表面ハンダマスクのアパーチャで接続されている
    Rule: 基板セットアップのハンダマスクの最小幅; error
    @(91.0000 mm, 84.9500 mm): パッド 2 [GND] - U4 ( F.Cu 上)
    @(125.5000 mm, 120.5000 mm): ゾーン [+3V3] F.Cu 上, 優先度 0
[solder_mask_bridge]: 異なるネットのアイテムが表面ハンダマスクのアパーチャで接続されている
    Rule: 基板セットアップのハンダマスクの最小幅; error
    @(91.9500 mm, 84.9500 mm): パッド 3 [USB_A_DM] - U4 ( F.Cu 上)
    @(125.5000 mm, 120.5000 mm): ゾーン [+3V3] F.Cu 上, 優先度 0
[solder_mask_bridge]: 異なるネットのアイテムが表面ハンダマスクのアパーチャで接続されている
    Rule: 基板セットアップのハンダマスクの最小幅; error
    @(91.9500 mm, 83.0500 mm): パッド 4 [GND] - U4 ( F.Cu 上)
    @(125.5000 mm, 120.5000 mm): ゾーン [+3V3] F.Cu 上, 優先度 0
[solder_mask_bridge]: 異なるネットのアイテムが表面ハンダマスクのアパーチャで接続されている
    Rule: 基板セットアップのハンダマスクの最小幅; error
    @(91.0000 mm, 83.0500 mm): パッド 5 [USB_A_VBUS] - U4 ( F.Cu 上)
    @(125.5000 mm, 120.5000 mm): ゾーン [+3V3] F.Cu 上, 優先度 0
[solder_mask_bridge]: 異なるネットのアイテムが表面ハンダマスクのアパーチャで接続されている
    Rule: 基板セットアップのハンダマスクの最小幅; error
    @(90.0500 mm, 83.0500 mm): パッド 6 [GND] - U4 ( F.Cu 上)
    @(125.5000 mm, 120.5000 mm): ゾーン [+3V3] F.Cu 上, 優先度 0
[solder_mask_bridge]: 異なるネットのアイテムが表面ハンダマスクのアパーチャで接続されている
    Rule: 基板セットアップのハンダマスクの最小幅; error
    @(103.2000 mm, 84.0000 mm): パッド 1 [/GPIO12] - R3 ( F.Cu 上)
    @(125.5000 mm, 120.5000 mm): ゾーン [+3V3] F.Cu 上, 優先度 0
[solder_mask_bridge]: 異なるネットのアイテムが表面ハンダマスクのアパーチャで接続されている
    Rule: 基板セットアップのハンダマスクの最小幅; error
    @(104.8000 mm, 84.0000 mm): パッド 2 [USB_A_DP] - R3 ( F.Cu 上)
    @(125.5000 mm, 120.5000 mm): ゾーン [+3V3] F.Cu 上, 優先度 0
[solder_mask_bridge]: 異なるネットのアイテムが表面ハンダマスクのアパーチャで接続されている
    Rule: 基板セットアップのハンダマスクの最小幅; error
    @(103.2000 mm, 88.0000 mm): パッド 1 [/GPIO13] - R4 ( F.Cu 上)
    @(125.5000 mm, 120.5000 mm): ゾーン [+3V3] F.Cu 上, 優先度 0
[solder_mask_bridge]: 異なるネットのアイテムが表面ハンダマスクのアパーチャで接続されている
    Rule: 基板セットアップのハンダマスクの最小幅; error
    @(104.8000 mm, 88.0000 mm): パッド 2 [USB_A_DM] - R4 ( F.Cu 上)
    @(125.5000 mm, 120.5000 mm): ゾーン [+3V3] F.Cu 上, 優先度 0
[solder_mask_bridge]: 異なるネットのアイテムが表面ハンダマスクのアパーチャで接続されている
    Rule: 基板セットアップのハンダマスクの最小幅; error
    @(106.9200 mm, 88.0000 mm): PTHパッド 1 [GND] (J6)
    @(125.5000 mm, 120.5000 mm): ゾーン [+3V3] F.Cu 上, 優先度 0
[solder_mask_bridge]: 異なるネットのアイテムが裏面ハンダマスクのアパーチャで接続されている
    Rule: 基板セットアップのハンダマスクの最小幅; error
    @(109.4600 mm, 88.0000 mm): PTHパッド 2 [+3V3] (J6)
    @(125.5000 mm, 120.5000 mm): ゾーン [GND] B.Cu 上, 優先度 0
[solder_mask_bridge]: 異なるネットのアイテムが表面ハンダマスクのアパーチャで接続されている
    Rule: 基板セットアップのハンダマスクの最小幅; error
    @(112.0000 mm, 88.0000 mm): PTHパッド 3 [/GPIO0] (J6)
    @(125.5000 mm, 120.5000 mm): ゾーン [+3V3] F.Cu 上, 優先度 0
[solder_mask_bridge]: 異なるネットのアイテムが裏面ハンダマスクのアパーチャで接続されている
    Rule: 基板セットアップのハンダマスクの最小幅; error
    @(112.0000 mm, 88.0000 mm): PTHパッド 3 [/GPIO0] (J6)
    @(125.5000 mm, 120.5000 mm): ゾーン [GND] B.Cu 上, 優先度 0
[solder_mask_bridge]: 異なるネットのアイテムが裏面ハンダマスクのアパーチャで接続されている
    Rule: 基板セットアップのハンダマスクの最小幅; error
    @(114.5400 mm, 88.0000 mm): PTHパッド 4 [/GPIO1] (J6)
    @(125.5000 mm, 120.5000 mm): ゾーン [GND] B.Cu 上, 優先度 0
[solder_mask_bridge]: 異なるネットのアイテムが裏面ハンダマスクのアパーチャで接続されている
    Rule: 基板セットアップのハンダマスクの最小幅; error
    @(117.0800 mm, 88.0000 mm): PTHパッド 5 [/RUN] (J6)
    @(125.5000 mm, 120.5000 mm): ゾーン [GND] B.Cu 上, 優先度 0
[solder_mask_bridge]: 異なるネットのアイテムが表面ハンダマスクのアパーチャで接続されている
    Rule: 基板セットアップのハンダマスクの最小幅; error
    @(83.2000 mm, 72.0000 mm): パッド 1 [VBUS] - R13 ( F.Cu 上)
    @(125.5000 mm, 120.5000 mm): ゾーン [+3V3] F.Cu 上, 優先度 0
[solder_mask_bridge]: 異なるネットのアイテムが表面ハンダマスクのアパーチャで接続されている
    Rule: 基板セットアップのハンダマスクの最小幅; error
    @(84.8000 mm, 72.0000 mm): パッド 2 [VBUS] - R13 ( F.Cu 上)
    @(125.5000 mm, 120.5000 mm): ゾーン [+3V3] F.Cu 上, 優先度 0
[solder_mask_bridge]: 異なるネットのアイテムが表面ハンダマスクのアパーチャで接続されている
    Rule: 基板セットアップのハンダマスクの最小幅; error
    @(103.2000 mm, 96.0000 mm): パッド 1 [/GPIO25] - R14 ( F.Cu 上)
    @(125.5000 mm, 120.5000 mm): ゾーン [+3V3] F.Cu 上, 優先度 0
[solder_mask_bridge]: 異なるネットのアイテムが表面ハンダマスクのアパーチャで接続されている
    Rule: 基板セットアップのハンダマスクの最小幅; error
    @(103.2000 mm, 96.0000 mm): パッド 1 [/GPIO25] - R14 ( F.Cu 上)
    @(102.3000 mm, 96.8500 mm): ゾーン [GND] F.Cu 上, 優先度 4
[solder_mask_bridge]: 異なるネットのアイテムが表面ハンダマスクのアパーチャで接続されている
    Rule: 基板セットアップのハンダマスクの最小幅; error
    @(104.8000 mm, 96.0000 mm): パッド 2 [LED_K] - R14 ( F.Cu 上)
    @(125.5000 mm, 120.5000 mm): ゾーン [+3V3] F.Cu 上, 優先度 0
[solder_mask_bridge]: 異なるネットのアイテムが表面ハンダマスクのアパーチャで接続されている
    Rule: 基板セットアップのハンダマスクの最小幅; error
    @(106.2000 mm, 96.0000 mm): パッド 1 [LED_K] - D2 ( F.Cu 上)
    @(125.5000 mm, 120.5000 mm): ゾーン [+3V3] F.Cu 上, 優先度 0
[solder_mask_bridge]: 異なるネットのアイテムが表面ハンダマスクのアパーチャで接続されている
    Rule: 基板セットアップのハンダマスクの最小幅; error
    @(107.8000 mm, 96.0000 mm): パッド 2 [GND] - D2 ( F.Cu 上)
    @(125.5000 mm, 120.5000 mm): ゾーン [+3V3] F.Cu 上, 優先度 0
[starved_thermal]: ゾーンへのサーマルリリーフ接続が不完全 (レイヤー B.Cu; ゾーン 最小スポーク数: 2; 現状 1)
    Local override; error
    @(125.5000 mm, 120.5000 mm): ゾーン [GND] B.Cu 上, 優先度 0
    @(82.5700 mm, 74.7000 mm): PTHパッド 6 [GND] (J2)
[copper_edge_clearance]: 基板端クリアランス違反 (基板の設定の基板端の制約 クリアランス 0.3000 mm; 現状 0.0000 mm)
    Rule: 基板の設定の基板端の制約; error
    @(70.0000 mm, 123.0000 mm): セグメント (Edge.Cuts 上)
    @(69.4300 mm, 74.7000 mm): PTHパッド 5 [GND] (J2)
[shorting_items]: ２つのネットを短絡するアイテム (ネット +3V3 と LED_K)
    Local override; error
    @(106.0050 mm, 97.0000 mm): 配線 [+3V3] ( F.Cu 上、長さ: 0.3950 mm )
    @(106.2000 mm, 96.0000 mm): パッド 1 [LED_K] - D2 ( F.Cu 上)
[tracks_crossing]: Tracks crossing
    Local override; error
    @(96.6500 mm, 85.3700 mm): 配線 [+3V3] ( F.Cu 上、長さ: 2.5200 mm )
    @(103.2000 mm, 84.0000 mm): 配線 [USB_A_DP] ( F.Cu 上、長さ: 11.2900 mm )
[shorting_items]: ２つのネットを短絡するアイテム (ネット LED_K と GND)
    Local override; error
    @(104.8000 mm, 96.0000 mm): パッド 2 [LED_K] - R14 ( F.Cu 上)
    @(104.2000 mm, 95.8000 mm): 配線 [GND] ( F.Cu 上、長さ: 0.4950 mm )
[shorting_items]: ２つのネットを短絡するアイテム (ネット GND と LED_K)
    Local override; error
    @(104.2000 mm, 95.4300 mm): 配線 [GND] ( F.Cu 上、長さ: 0.3700 mm )
    @(104.8000 mm, 96.0000 mm): パッド 2 [LED_K] - R14 ( F.Cu 上)
[shorting_items]: ２つのネットを短絡するアイテム (ネット LED_K と +3V3)
    Local override; error
    @(106.2000 mm, 96.0000 mm): パッド 1 [LED_K] - D2 ( F.Cu 上)
    @(106.0050 mm, 96.6050 mm): 配線 [+3V3] ( F.Cu 上、長さ: 0.0071 mm )
[shorting_items]: ２つのネットを短絡するアイテム (ネット /GPIO13 と USB_A_DM)
    Local override; error
    @(103.2000 mm, 88.0000 mm): パッド 1 [/GPIO13] - R4 ( F.Cu 上)
    @(103.2000 mm, 88.0000 mm): 配線 [USB_A_DM] ( F.Cu 上、長さ: 12.2909 mm )
[shorting_items]: ２つのネットを短絡するアイテム (ネット /GPIO12 と USB_A_DP)
    Local override; error
    @(103.2000 mm, 84.0000 mm): パッド 1 [/GPIO12] - R3 ( F.Cu 上)
    @(103.2000 mm, 84.0000 mm): 配線 [USB_A_DP] ( F.Cu 上、長さ: 11.2900 mm )
[clearance]: クリアランス違反 ( クリアランス 0.1500 mm; 現状 0.0000 mm)
    Local override; error
    @(103.2000 mm, 84.0000 mm): 配線 [USB_A_DP] ( F.Cu 上、長さ: 11.2900 mm )
    @(125.5000 mm, 120.5000 mm): ゾーン [+3V3] F.Cu 上, 優先度 0
[clearance]: クリアランス違反 ( クリアランス 0.1500 mm; 現状 0.0000 mm)
    Local override; error
    @(103.2000 mm, 88.0000 mm): 配線 [USB_A_DM] ( F.Cu 上、長さ: 12.2909 mm )
    @(125.5000 mm, 120.5000 mm): ゾーン [+3V3] F.Cu 上, 優先度 0
[shorting_items]: ２つのネットを短絡するアイテム (ネット /QSPI_SS と USB_A_DP)
    Local override; error
    @(88.4250 mm, 81.3000 mm): パッド 1 [/QSPI_SS] - R6 ( F.Cu 上)
    @(77.0000 mm, 72.0000 mm): 配線 [USB_A_DP] ( F.Cu 上、長さ: 17.0617 mm )
[clearance]: クリアランス違反 ( クリアランス 0.1500 mm; 現状 0.0291 mm)
    Local override; error
    @(91.9500 mm, 83.0500 mm): パッド 4 [GND] - U4 ( F.Cu 上)
    @(75.0000 mm, 72.0000 mm): 配線 [USB_A_DM] ( F.Cu 上、長さ: 20.7390 mm )
[shorting_items]: ２つのネットを短絡するアイテム (ネット USB_A_DM と USB_A_VBUS)
    Local override; error
    @(75.0000 mm, 72.0000 mm): PTHパッド 2 [USB_A_DM] (J2)
    @(72.5000 mm, 72.0000 mm): 配線 [USB_A_VBUS] ( F.Cu 上、長さ: 17.5757 mm )
[clearance]: クリアランス違反 ( クリアランス 0.1500 mm; 現状 0.0000 mm)
    Local override; error
    @(72.5000 mm, 72.0000 mm): 配線 [USB_A_VBUS] ( F.Cu 上、長さ: 17.5757 mm )
    @(125.5000 mm, 120.5000 mm): ゾーン [+3V3] F.Cu 上, 優先度 0
[tracks_crossing]: Tracks crossing
    Local override; error
    @(77.0000 mm, 72.0000 mm): 配線 [USB_A_DP] ( F.Cu 上、長さ: 17.0617 mm )
    @(88.3900 mm, 82.7000 mm): 配線 [/QSPI_SS] ( F.Cu 上、長さ: 1.4000 mm )
[clearance]: クリアランス違反 ( クリアランス 0.1500 mm; 現状 0.0000 mm)
    Local override; error
    @(77.0000 mm, 72.0000 mm): 配線 [USB_A_DP] ( F.Cu 上、長さ: 17.0617 mm )
    @(125.5000 mm, 120.5000 mm): ゾーン [+3V3] F.Cu 上, 優先度 0
[clearance]: クリアランス違反 ( クリアランス 0.1500 mm; 現状 0.0000 mm)
    Local override; error
    @(75.0000 mm, 72.0000 mm): 配線 [USB_A_DM] ( F.Cu 上、長さ: 20.7390 mm )
    @(125.5000 mm, 120.5000 mm): ゾーン [+3V3] F.Cu 上, 優先度 0
[shorting_items]: ２つのネットを短絡するアイテム (ネット /~{USB_BOOT} と GND)
    Local override; error
    @(90.1250 mm, 77.2500 mm): 配線 [/~{USB_BOOT}] ( F.Cu 上、長さ: 4.1250 mm )
    @(90.0500 mm, 72.9500 mm): パッド 1 [GND] - U3 ( F.Cu 上)
[shorting_items]: ２つのネットを短絡するアイテム (ネット /GPIO25 と /VREG_AVDD)
    Local override; error
    @(103.2000 mm, 96.0000 mm): パッド 1 [/GPIO25] - R14 ( F.Cu 上)
    @(102.8000 mm, 96.5625 mm): 配線 [/VREG_AVDD] ( F.Cu 上、長さ: 0.1625 mm )
[shorting_items]: ２つのネットを短絡するアイテム (ネット /VREG_AVDD と /GPIO25)
    Local override; error
    @(103.6400 mm, 95.5600 mm): 配線 [/VREG_AVDD] ( F.Cu 上、長さ: 0.5300 mm )
    @(103.2000 mm, 96.0000 mm): パッド 1 [/GPIO25] - R14 ( F.Cu 上)
[shorting_items]: ２つのネットを短絡するアイテム (ネット /RUN と /GPIO25)
    Local override; error
    @(117.0800 mm, 88.0000 mm): PTHパッド 5 [/RUN] (J6)
    @(116.2000 mm, 89.5500 mm): 配線 [/GPIO25] ( F.Cu 上、長さ: 7.6226 mm )
[shorting_items]: ２つのネットを短絡するアイテム (ネット /GPIO26_ADC0 と /GPIO1)
    Local override; error
    @(115.2000 mm, 93.4000 mm): 配線 [/GPIO26_ADC0] ( F.Cu 上、長さ: 5.3900 mm )
    @(114.5400 mm, 88.0000 mm): PTHパッド 4 [/GPIO1] (J6)
[shorting_items]: ２つのネットを短絡するアイテム (ネット /GPIO26_ADC0 と /GPIO1)
    Local override; error
    @(115.2000 mm, 88.0100 mm): 配線 [/GPIO26_ADC0] ( F.Cu 上、長さ: 9.0368 mm )
    @(114.5400 mm, 88.0000 mm): PTHパッド 4 [/GPIO1] (J6)
[shorting_items]: ２つのネットを短絡するアイテム (ネット /GPIO27_ADC1 と /GPIO1)
    Local override; error
    @(114.2000 mm, 93.1925 mm): 配線 [/GPIO27_ADC1] ( F.Cu 上、長さ: 6.7225 mm )
    @(114.5400 mm, 88.0000 mm): PTHパッド 4 [/GPIO1] (J6)
[shorting_items]: ２つのネットを短絡するアイテム (ネット /GPIO0 と /GPIO29_ADC3)
    Local override; error
    @(112.0000 mm, 88.0000 mm): PTHパッド 3 [/GPIO0] (J6)
    @(112.2000 mm, 92.8225 mm): 配線 [/GPIO29_ADC3] ( F.Cu 上、長さ: 9.4413 mm )
[clearance]: クリアランス違反 ( クリアランス 0.1500 mm; 現状 0.1027 mm)
    Local override; error
    @(107.8000 mm, 96.0000 mm): パッド 2 [GND] - D2 ( F.Cu 上)
    @(107.4225 mm, 97.6000 mm): 配線 [/GPIO29_ADC3] ( F.Cu 上、長さ: 6.7564 mm )
[shorting_items]: ２つのネットを短絡するアイテム (ネット /FLASH_SS と USB_A_VBUS)
    Local override; error
    @(91.2900 mm, 82.7000 mm): 配線 [/FLASH_SS] ( F.Cu 上、長さ: 0.0141 mm )
    @(91.0000 mm, 83.0500 mm): パッド 5 [USB_A_VBUS] - U4 ( F.Cu 上)
[shorting_items]: ２つのネットを短絡するアイテム (ネット GND と /FLASH_SS)
    Local override; error
    @(91.9500 mm, 83.0500 mm): パッド 4 [GND] - U4 ( F.Cu 上)
    @(91.3000 mm, 82.7100 mm): 配線 [/FLASH_SS] ( F.Cu 上、長さ: 1.7000 mm )
[shorting_items]: ２つのネットを短絡するアイテム (ネット /FLASH_SS と USB_A_DP)
    Local override; error
    @(89.4100 mm, 82.7000 mm): 配線 [/FLASH_SS] ( F.Cu 上、長さ: 2.6300 mm )
    @(77.0000 mm, 72.0000 mm): 配線 [USB_A_DP] ( F.Cu 上、長さ: 17.0617 mm )
[shorting_items]: ２つのネットを短絡するアイテム (ネット /GPIO25 と /VREG_AVDD)
    Local override; error
    @(103.2000 mm, 96.0000 mm): パッド 1 [/GPIO25] - R14 ( F.Cu 上)
    @(102.8000 mm, 96.4000 mm): 配線 [/VREG_AVDD] ( F.Cu 上、長さ: 1.1879 mm )
[shorting_items]: ２つのネットを短絡するアイテム (ネット USB_A_DM と /USB_D+)
    Local override; error
    @(103.2000 mm, 88.0000 mm): 配線 [USB_A_DM] ( F.Cu 上、長さ: 12.2909 mm )
    @(98.9250 mm, 87.6750 mm): 配線 [/USB_D+] ( F.Cu 上、長さ: 1.1314 mm )
[tracks_crossing]: Tracks crossing
    Local override; error
    @(99.7250 mm, 86.8750 mm): 配線 [/USB_D+] ( F.Cu 上、長さ: 10.4750 mm )
    @(103.2000 mm, 84.0000 mm): 配線 [USB_A_DP] ( F.Cu 上、長さ: 11.2900 mm )
[tracks_crossing]: Tracks crossing
    Local override; error
    @(100.6750 mm, 76.4000 mm): 配線 [/USB_D-] ( F.Cu 上、長さ: 10.8685 mm )
    @(103.2000 mm, 84.0000 mm): 配線 [USB_A_DP] ( F.Cu 上、長さ: 11.2900 mm )
[shorting_items]: ２つのネットを短絡するアイテム (ネット /USB_D- と USB_A_DM)
    Local override; error
    @(100.6750 mm, 87.2685 mm): 配線 [/USB_D-] ( F.Cu 上、長さ: 1.0960 mm )
    @(103.2000 mm, 88.0000 mm): 配線 [USB_A_DM] ( F.Cu 上、長さ: 12.2909 mm )
[clearance]: クリアランス違反 ( クリアランス 0.1500 mm; 現状 0.1000 mm)
    Local override; error
    @(104.8000 mm, 96.0000 mm): パッド 2 [LED_K] - R14 ( F.Cu 上)
    @(103.8500 mm, 96.1500 mm): ビア [GND] (F.Cu - B.Cu 上)
[shorting_items]: ２つのネットを短絡するアイテム (ネット GND と USB_A_DP)
    Local override; error
    @(86.1400 mm, 79.2500 mm): ビア [GND] (F.Cu - B.Cu 上)
    @(77.0000 mm, 72.0000 mm): 配線 [USB_A_DP] ( F.Cu 上、長さ: 17.0617 mm )
[shorting_items]: ２つのネットを短絡するアイテム (ネット /FLASH_SS と USB_A_VBUS)
    Local override; error
    @(89.4100 mm, 82.7000 mm): 配線 [/FLASH_SS] ( F.Cu 上、長さ: 1.8800 mm )
    @(91.0000 mm, 83.0500 mm): パッド 5 [USB_A_VBUS] - U4 ( F.Cu 上)
[clearance]: クリアランス違反 ( クリアランス 0.1500 mm; 現状 0.0500 mm)
    Local override; error
    @(103.1000 mm, 95.1000 mm): ビア [GND] (F.Cu - B.Cu 上)
    @(103.2000 mm, 96.0000 mm): パッド 1 [/GPIO25] - R14 ( F.Cu 上)
[shorting_items]: ２つのネットを短絡するアイテム (ネット +3V3 と GND)
    Local override; error
    @(108.1250 mm, 89.0000 mm): パッド 1 [+3V3] - C5 ( F.Cu 上)
    @(106.9200 mm, 88.0000 mm): PTHパッド 1 [GND] (J6)
[shorting_items]: ２つのネットを短絡するアイテム (ネット GND と +3V3)
    Local override; error
    @(109.9250 mm, 89.0000 mm): パッド 2 [GND] - C5 ( F.Cu 上)
    @(109.4600 mm, 88.0000 mm): PTHパッド 2 [+3V3] (J6)
[shorting_items]: ２つのネットを短絡するアイテム (ネット /FLASH_SS と USB_A_DP)
    Local override; error
    @(89.4500 mm, 85.3700 mm): パッド 1 [/FLASH_SS] - U3 ( F.Cu 上)
    @(90.0500 mm, 84.9500 mm): パッド 1 [USB_A_DP] - U4 ( F.Cu 上)
[hole_clearance]: 穴のクリアランス違反 (基板の設定の穴の制約 クリアランス 0.2500 mm; 現状 0.2250 mm)
    Rule: 基板の設定の穴の制約; error
    @(103.2000 mm, 96.0000 mm): パッド 1 [/GPIO25] - R14 ( F.Cu 上)
    @(103.1000 mm, 95.1000 mm): ビア [GND] (F.Cu - B.Cu 上)
[hole_clearance]: 穴のクリアランス違反 (基板の設定の穴の制約 クリアランス 0.2500 mm; 現状 0.0000 mm)
    Rule: 基板の設定の穴の制約; error
    @(103.2000 mm, 96.0000 mm): パッド 1 [/GPIO25] - R14 ( F.Cu 上)
    @(103.8500 mm, 96.1500 mm): ビア [GND] (F.Cu - B.Cu 上)
[clearance]: クリアランス違反 ( クリアランス 0.1500 mm; 現状 0.0000 mm)
    Local override; error
    @(106.2000 mm, 96.0000 mm): パッド 1 [LED_K] - D2 ( F.Cu 上)
    @(125.5000 mm, 120.5000 mm): ゾーン [+3V3] F.Cu 上, 優先度 0
[clearance]: クリアランス違反 ( クリアランス 0.1500 mm; 現状 0.0000 mm)
    Local override; error
    @(107.8000 mm, 96.0000 mm): パッド 2 [GND] - D2 ( F.Cu 上)
    @(125.5000 mm, 120.5000 mm): ゾーン [+3V3] F.Cu 上, 優先度 0
[clearance]: クリアランス違反 ( クリアランス 0.1500 mm; 現状 0.0000 mm)
    Local override; error
    @(83.2000 mm, 72.0000 mm): パッド 1 [VBUS] - R13 ( F.Cu 上)
    @(125.5000 mm, 120.5000 mm): ゾーン [+3V3] F.Cu 上, 優先度 0
[clearance]: クリアランス違反 ( クリアランス 0.1500 mm; 現状 0.0000 mm)
    Local override; error
    @(106.9200 mm, 88.0000 mm): PTHパッド 1 [GND] (J6)
    @(125.5000 mm, 120.5000 mm): ゾーン [+3V3] F.Cu 上, 優先度 0
[hole_clearance]: 穴のクリアランス違反 (基板の設定の穴の制約 クリアランス 0.2500 mm; 現状 0.0000 mm)
    Rule: 基板の設定の穴の制約; error
    @(106.9200 mm, 88.0000 mm): PTHパッド 1 [GND] (J6)
    @(125.5000 mm, 120.5000 mm): ゾーン [+3V3] F.Cu 上, 優先度 0
[clearance]: クリアランス違反 ( クリアランス 0.1500 mm; 現状 0.0000 mm)
    Local override; error
    @(103.2000 mm, 88.0000 mm): パッド 1 [/GPIO13] - R4 ( F.Cu 上)
    @(125.5000 mm, 120.5000 mm): ゾーン [+3V3] F.Cu 上, 優先度 0
[clearance]: クリアランス違反 ( クリアランス 0.1500 mm; 現状 0.0000 mm)
    Local override; error
    @(103.2000 mm, 96.0000 mm): パッド 1 [/GPIO25] - R14 ( F.Cu 上)
    @(125.5000 mm, 120.5000 mm): ゾーン [+3V3] F.Cu 上, 優先度 0
[clearance]: クリアランス違反 (ゾーン クリアランス 0.2000 mm; 現状 0.0000 mm)
    Local override; error
    @(109.4600 mm, 88.0000 mm): PTHパッド 2 [+3V3] (J6)
    @(125.5000 mm, 120.5000 mm): ゾーン [GND] B.Cu 上, 優先度 0
[clearance]: クリアランス違反 ( クリアランス 0.1500 mm; 現状 0.0000 mm)
    Local override; error
    @(104.8000 mm, 88.0000 mm): パッド 2 [USB_A_DM] - R4 ( F.Cu 上)
    @(125.5000 mm, 120.5000 mm): ゾーン [+3V3] F.Cu 上, 優先度 0
[hole_clearance]: 穴のクリアランス違反 (基板の設定の穴の制約 クリアランス 0.2500 mm; 現状 0.0000 mm)
    Rule: 基板の設定の穴の制約; error
    @(109.4600 mm, 88.0000 mm): PTHパッド 2 [+3V3] (J6)
    @(125.5000 mm, 120.5000 mm): ゾーン [GND] B.Cu 上, 優先度 0
[clearance]: クリアランス違反 ( クリアランス 0.1500 mm; 現状 0.0000 mm)
    Local override; error
    @(103.2000 mm, 96.0000 mm): パッド 1 [/GPIO25] - R14 ( F.Cu 上)
    @(102.3000 mm, 96.8500 mm): ゾーン [GND] F.Cu 上, 優先度 4
[clearance]: クリアランス違反 ( クリアランス 0.1500 mm; 現状 0.0000 mm)
    Local override; error
    @(112.0000 mm, 88.0000 mm): PTHパッド 3 [/GPIO0] (J6)
    @(125.5000 mm, 120.5000 mm): ゾーン [+3V3] F.Cu 上, 優先度 0
[clearance]: クリアランス違反 ( クリアランス 0.1500 mm; 現状 0.0000 mm)
    Local override; error
    @(103.2000 mm, 84.0000 mm): パッド 1 [/GPIO12] - R3 ( F.Cu 上)
    @(125.5000 mm, 120.5000 mm): ゾーン [+3V3] F.Cu 上, 優先度 0
[clearance]: クリアランス違反 ( クリアランス 0.1500 mm; 現状 0.0000 mm)
    Local override; error
    @(90.0500 mm, 84.9500 mm): パッド 1 [USB_A_DP] - U4 ( F.Cu 上)
    @(125.5000 mm, 120.5000 mm): ゾーン [+3V3] F.Cu 上, 優先度 0
[clearance]: クリアランス違反 ( クリアランス 0.1500 mm; 現状 0.0000 mm)
    Local override; error
    @(104.8000 mm, 84.0000 mm): パッド 2 [USB_A_DP] - R3 ( F.Cu 上)
    @(125.5000 mm, 120.5000 mm): ゾーン [+3V3] F.Cu 上, 優先度 0
[clearance]: クリアランス違反 ( クリアランス 0.1500 mm; 現状 0.0000 mm)
    Local override; error
    @(91.0000 mm, 84.9500 mm): パッド 2 [GND] - U4 ( F.Cu 上)
    @(125.5000 mm, 120.5000 mm): ゾーン [+3V3] F.Cu 上, 優先度 0
[clearance]: クリアランス違反 ( クリアランス 0.1500 mm; 現状 0.0000 mm)
    Local override; error
    @(90.0500 mm, 72.9500 mm): パッド 1 [GND] - U3 ( F.Cu 上)
    @(125.5000 mm, 120.5000 mm): ゾーン [+3V3] F.Cu 上, 優先度 0
[clearance]: クリアランス違反 ( クリアランス 0.1500 mm; 現状 0.0000 mm)
    Local override; error
    @(91.9500 mm, 84.9500 mm): パッド 3 [USB_A_DM] - U4 ( F.Cu 上)
    @(125.5000 mm, 120.5000 mm): ゾーン [+3V3] F.Cu 上, 優先度 0
[clearance]: クリアランス違反 ( クリアランス 0.1500 mm; 現状 0.0000 mm)
    Local override; error
    @(91.9500 mm, 83.0500 mm): パッド 4 [GND] - U4 ( F.Cu 上)
    @(125.5000 mm, 120.5000 mm): ゾーン [+3V3] F.Cu 上, 優先度 0
[clearance]: クリアランス違反 ( クリアランス 0.1500 mm; 現状 0.0000 mm)
    Local override; error
    @(91.0000 mm, 83.0500 mm): パッド 5 [USB_A_VBUS] - U4 ( F.Cu 上)
    @(125.5000 mm, 120.5000 mm): ゾーン [+3V3] F.Cu 上, 優先度 0
[clearance]: クリアランス違反 ( クリアランス 0.1500 mm; 現状 0.0000 mm)
    Local override; error
    @(104.8000 mm, 96.0000 mm): パッド 2 [LED_K] - R14 ( F.Cu 上)
    @(125.5000 mm, 120.5000 mm): ゾーン [+3V3] F.Cu 上, 優先度 0
[clearance]: クリアランス違反 ( クリアランス 0.1500 mm; 現状 0.0000 mm)
    Local override; error
    @(91.0000 mm, 72.9500 mm): パッド 2 [VBUS] - U3 ( F.Cu 上)
    @(125.5000 mm, 120.5000 mm): ゾーン [+3V3] F.Cu 上, 優先度 0
[clearance]: クリアランス違反 ( クリアランス 0.1500 mm; 現状 0.0000 mm)
    Local override; error
    @(90.0500 mm, 83.0500 mm): パッド 6 [GND] - U4 ( F.Cu 上)
    @(125.5000 mm, 120.5000 mm): ゾーン [+3V3] F.Cu 上, 優先度 0
[clearance]: クリアランス違反 ( クリアランス 0.1500 mm; 現状 0.0000 mm)
    Local override; error
    @(75.0000 mm, 72.0000 mm): PTHパッド 2 [USB_A_DM] (J2)
    @(125.5000 mm, 120.5000 mm): ゾーン [+3V3] F.Cu 上, 優先度 0
[hole_clearance]: 穴のクリアランス違反 (基板の設定の穴の制約 クリアランス 0.2500 mm; 現状 0.0000 mm)
    Rule: 基板の設定の穴の制約; error
    @(75.0000 mm, 72.0000 mm): PTHパッド 2 [USB_A_DM] (J2)
    @(125.5000 mm, 120.5000 mm): ゾーン [+3V3] F.Cu 上, 優先度 0
[clearance]: クリアランス違反 ( クリアランス 0.1500 mm; 現状 0.0000 mm)
    Local override; error
    @(91.9500 mm, 72.9500 mm): パッド 3 [GND] - U3 ( F.Cu 上)
    @(125.5000 mm, 120.5000 mm): ゾーン [+3V3] F.Cu 上, 優先度 0
[clearance]: クリアランス違反 (ゾーン クリアランス 0.2000 mm; 現状 0.0000 mm)
    Local override; error
    @(75.0000 mm, 72.0000 mm): PTHパッド 2 [USB_A_DM] (J2)
    @(125.5000 mm, 120.5000 mm): ゾーン [GND] B.Cu 上, 優先度 0
[clearance]: クリアランス違反 ( クリアランス 0.1500 mm; 現状 0.0000 mm)
    Local override; error
    @(91.9500 mm, 71.0500 mm): パッド 4 [USB_A_VBUS] - U3 ( F.Cu 上)
    @(125.5000 mm, 120.5000 mm): ゾーン [+3V3] F.Cu 上, 優先度 0
[hole_clearance]: 穴のクリアランス違反 (基板の設定の穴の制約 クリアランス 0.2500 mm; 現状 0.0000 mm)
    Rule: 基板の設定の穴の制約; error
    @(75.0000 mm, 72.0000 mm): PTHパッド 2 [USB_A_DM] (J2)
    @(125.5000 mm, 120.5000 mm): ゾーン [GND] B.Cu 上, 優先度 0
[clearance]: クリアランス違反 ( クリアランス 0.1500 mm; 現状 0.0000 mm)
    Local override; error
    @(90.0500 mm, 71.0500 mm): パッド 5 [GND] - U3 ( F.Cu 上)
    @(125.5000 mm, 120.5000 mm): ゾーン [+3V3] F.Cu 上, 優先度 0
[clearance]: クリアランス違反 ( クリアランス 0.1500 mm; 現状 0.0000 mm)
    Local override; error
    @(77.0000 mm, 72.0000 mm): PTHパッド 3 [USB_A_DP] (J2)
    @(125.5000 mm, 120.5000 mm): ゾーン [+3V3] F.Cu 上, 優先度 0
[hole_clearance]: 穴のクリアランス違反 (基板の設定の穴の制約 クリアランス 0.2500 mm; 現状 0.0000 mm)
    Rule: 基板の設定の穴の制約; error
    @(77.0000 mm, 72.0000 mm): PTHパッド 3 [USB_A_DP] (J2)
    @(125.5000 mm, 120.5000 mm): ゾーン [+3V3] F.Cu 上, 優先度 0
[clearance]: クリアランス違反 (ゾーン クリアランス 0.2000 mm; 現状 0.0000 mm)
    Local override; error
    @(77.0000 mm, 72.0000 mm): PTHパッド 3 [USB_A_DP] (J2)
    @(125.5000 mm, 120.5000 mm): ゾーン [GND] B.Cu 上, 優先度 0
[hole_clearance]: 穴のクリアランス違反 (基板の設定の穴の制約 クリアランス 0.2500 mm; 現状 0.0000 mm)
    Rule: 基板の設定の穴の制約; error
    @(77.0000 mm, 72.0000 mm): PTHパッド 3 [USB_A_DP] (J2)
    @(125.5000 mm, 120.5000 mm): ゾーン [GND] B.Cu 上, 優先度 0
[shorting_items]: ２つのネットを短絡するアイテム (ネット GND と /GPIO25)
    Local override; error
    @(102.5150 mm, 95.3900 mm): パッド 2 [GND] - C6 ( F.Cu 上)
    @(103.2000 mm, 96.0000 mm): パッド 1 [/GPIO25] - R14 ( F.Cu 上)
[clearance]: クリアランス違反 ( クリアランス 0.1500 mm; 現状 0.0000 mm)
    Local override; error
    @(79.5000 mm, 72.0000 mm): PTHパッド 4 [GND] (J2)
    @(125.5000 mm, 120.5000 mm): ゾーン [+3V3] F.Cu 上, 優先度 0
[hole_clearance]: 穴のクリアランス違反 (基板の設定の穴の制約 クリアランス 0.2500 mm; 現状 0.0000 mm)
    Rule: 基板の設定の穴の制約; error
    @(79.5000 mm, 72.0000 mm): PTHパッド 4 [GND] (J2)
    @(125.5000 mm, 120.5000 mm): ゾーン [+3V3] F.Cu 上, 優先度 0
[clearance]: クリアランス違反 ( クリアランス 0.1500 mm; 現状 0.0000 mm)
    Local override; error
    @(82.5700 mm, 74.7000 mm): PTHパッド 6 [GND] (J2)
    @(125.5000 mm, 120.5000 mm): ゾーン [+3V3] F.Cu 上, 優先度 0
[hole_clearance]: 穴のクリアランス違反 (基板の設定の穴の制約 クリアランス 0.2500 mm; 現状 0.0000 mm)
    Rule: 基板の設定の穴の制約; error
    @(82.5700 mm, 74.7000 mm): PTHパッド 6 [GND] (J2)
    @(125.5000 mm, 120.5000 mm): ゾーン [+3V3] F.Cu 上, 優先度 0
[clearance]: クリアランス違反 ( クリアランス 0.1500 mm; 現状 0.1000 mm)
    Local override; error
    @(89.3750 mm, 82.7000 mm): パッド 2 [/FLASH_SS] - R10 ( F.Cu 上)
    @(90.0500 mm, 83.0500 mm): パッド 6 [GND] - U4 ( F.Cu 上)
[clearance]: クリアランス違反 ( クリアランス 0.1500 mm; 現状 0.0000 mm)
    Local override; error
    @(84.8000 mm, 72.0000 mm): パッド 2 [VBUS] - R13 ( F.Cu 上)
    @(125.5000 mm, 120.5000 mm): ゾーン [+3V3] F.Cu 上, 優先度 0
[shorting_items]: ２つのネットを短絡するアイテム (ネット /~{USB_BOOT} と GND)
    Local override; error
    @(90.1250 mm, 73.1250 mm): パッド 3 [/~{USB_BOOT}] - SW1 ( F.Cu 上)
    @(90.0500 mm, 72.9500 mm): パッド 1 [GND] - U3 ( F.Cu 上)
[shorting_items]: ２つのネットを短絡するアイテム (ネット GND と LED_K)
    Local override; error
    @(104.2000 mm, 95.4250 mm): パッド 2 [GND] - C9 ( F.Cu 上)
    @(104.8000 mm, 96.0000 mm): パッド 2 [LED_K] - R14 ( F.Cu 上)
[hole_clearance]: 穴のクリアランス違反 (基板の設定の穴の制約 クリアランス 0.2500 mm; 現状 0.2000 mm)
    Rule: 基板の設定の穴の制約; error
    @(112.0000 mm, 88.0000 mm): PTHパッド 3 [/GPIO0] (J6)
    @(125.5000 mm, 120.5000 mm): ゾーン [+3V3] F.Cu 上, 優先度 0
[clearance]: クリアランス違反 (ゾーン クリアランス 0.2000 mm; 現状 0.0000 mm)
    Local override; error
    @(112.0000 mm, 88.0000 mm): PTHパッド 3 [/GPIO0] (J6)
    @(125.5000 mm, 120.5000 mm): ゾーン [GND] B.Cu 上, 優先度 0
[hole_clearance]: 穴のクリアランス違反 (基板の設定の穴の制約 クリアランス 0.2500 mm; 現状 0.0000 mm)
    Rule: 基板の設定の穴の制約; error
    @(112.0000 mm, 88.0000 mm): PTHパッド 3 [/GPIO0] (J6)
    @(125.5000 mm, 120.5000 mm): ゾーン [GND] B.Cu 上, 優先度 0
[clearance]: クリアランス違反 (ゾーン クリアランス 0.2000 mm; 現状 0.0000 mm)
    Local override; error
    @(114.5400 mm, 88.0000 mm): PTHパッド 4 [/GPIO1] (J6)
    @(125.5000 mm, 120.5000 mm): ゾーン [GND] B.Cu 上, 優先度 0
[hole_clearance]: 穴のクリアランス違反 (基板の設定の穴の制約 クリアランス 0.2500 mm; 現状 0.0000 mm)
    Rule: 基板の設定の穴の制約; error
    @(114.5400 mm, 88.0000 mm): PTHパッド 4 [/GPIO1] (J6)
    @(125.5000 mm, 120.5000 mm): ゾーン [GND] B.Cu 上, 優先度 0
[clearance]: クリアランス違反 (ゾーン クリアランス 0.2000 mm; 現状 0.0000 mm)
    Local override; error
    @(117.0800 mm, 88.0000 mm): PTHパッド 5 [/RUN] (J6)
    @(125.5000 mm, 120.5000 mm): ゾーン [GND] B.Cu 上, 優先度 0
[hole_clearance]: 穴のクリアランス違反 (基板の設定の穴の制約 クリアランス 0.2500 mm; 現状 0.0000 mm)
    Rule: 基板の設定の穴の制約; error
    @(117.0800 mm, 88.0000 mm): PTHパッド 5 [/RUN] (J6)
    @(125.5000 mm, 120.5000 mm): ゾーン [GND] B.Cu 上, 優先度 0
[clearance]: クリアランス違反 ( クリアランス 0.1500 mm; 現状 0.0750 mm)
    Local override; error
    @(91.3000 mm, 82.6750 mm): パッド 2 [/FLASH_SS] - R9 ( F.Cu 上)
    @(91.9500 mm, 83.0500 mm): パッド 4 [GND] - U4 ( F.Cu 上)
[shorting_items]: ２つのネットを短絡するアイテム (ネット /FLASH_SS と USB_A_VBUS)
    Local override; error
    @(91.3000 mm, 82.6750 mm): パッド 2 [/FLASH_SS] - R9 ( F.Cu 上)
    @(91.0000 mm, 83.0500 mm): パッド 5 [USB_A_VBUS] - U4 ( F.Cu 上)
[shorting_items]: ２つのネットを短絡するアイテム (ネット /VREG_AVDD と /GPIO25)
    Local override; error
    @(102.8000 mm, 96.5500 mm): パッド 46 [/VREG_AVDD] - U1 ( F.Cu 上)
    @(103.2000 mm, 96.0000 mm): パッド 1 [/GPIO25] - R14 ( F.Cu 上)
[clearance]: クリアランス違反 ( クリアランス 0.1500 mm; 現状 0.1350 mm)
    Local override; error
    @(102.4000 mm, 96.5500 mm): パッド 47 [GND] - U1 ( F.Cu 上)
    @(103.2000 mm, 96.0000 mm): パッド 1 [/GPIO25] - R14 ( F.Cu 上)
[zones_intersect]: 導体ゾーンの交差 (交差するゾーンには明確な優先順位が必要）
    Local override; error
    @(71.0000 mm, 67.0000 mm): ゾーン [GND] B.Cu 上, 優先度 0
    @(125.5000 mm, 120.5000 mm): ゾーン [GND] B.Cu 上, 優先度 0
[items_not_allowed]: Items not allowed
    Local override; error
    @(72.5000 mm, 72.0000 mm): 配線 [USB_A_VBUS] ( F.Cu 上、長さ: 17.5757 mm )
[items_not_allowed]: アイテム禁止 (キープアウト(禁止)領域 MH1)
    Rule: キープアウト(禁止)領域 MH1; error
    @(82.5700 mm, 74.7000 mm): PTHパッド 6 [GND] (J2)
[items_not_allowed]: アイテム禁止 (キープアウト(禁止)領域 MH1)
    Rule: キープアウト(禁止)領域 MH1; error
    @(83.2000 mm, 72.0000 mm): パッド 1 [VBUS] - R13 ( F.Cu 上)
[items_not_allowed]: アイテム禁止 (キープアウト(禁止)領域 MH1)
    Rule: キープアウト(禁止)領域 MH1; error
    @(84.8000 mm, 72.0000 mm): パッド 2 [VBUS] - R13 ( F.Cu 上)
[silk_overlap]: Silkscreen clearance
    Rule: 基板の設定のシルクスクリーンの制約; warning
    @(104.0000 mm, 82.8000 mm): U2のリファレンスフィールド
    @(104.0000 mm, 82.8000 mm): R3のリファレンスフィールド
[silk_overlap]: Silkscreen clearance
    Rule: 基板の設定のシルクスクリーンの制約; warning
    @(67.8500 mm, 66.0000 mm): 矩形 of J2 、F.Silkscreen 上
    @(74.5250 mm, 72.6550 mm): 矩形 of J5 、F.Silkscreen 上
[silk_overlap]: Silkscreen clearance
    Rule: 基板の設定のシルクスクリーンの制約; warning
    @(67.8500 mm, 66.0000 mm): 矩形 of J2 、F.Silkscreen 上
    @(84.0000 mm, 70.8000 mm): R13のリファレンスフィールド
[silk_overlap]: Silkscreen clearance
    Rule: 基板の設定のシルクスクリーンの制約; warning
    @(105.2000 mm, 94.9500 mm): C9のリファレンスフィールド
    @(104.0000 mm, 94.8000 mm): R14のリファレンスフィールド
[silk_over_copper]: Silkscreen clipped by solder mask
    Local override; warning
    @(81.5850 mm, 74.0000 mm): 基板上のテキスト '3V3' ( F.Silkscreen 上)
    @(82.5700 mm, 74.7000 mm): PTHパッド 6 [GND] (J2)
[silk_over_copper]: Silkscreen clipped by solder mask
    Local override; warning
    @(81.5850 mm, 76.5400 mm): 基板上のテキスト 'GP0' ( F.Silkscreen 上)
    @(82.5700 mm, 74.7000 mm): PTHパッド 6 [GND] (J2)
[silk_over_copper]: Silkscreen clipped by solder mask
    Local override; warning
    @(78.9000 mm, 72.0000 mm): J5のリファレンスフィールド
    @(79.5000 mm, 72.0000 mm): PTHパッド 4 [GND] (J2)
[silk_over_copper]: Silkscreen clipped by solder mask
    Local override; warning
    @(74.5250 mm, 72.6550 mm): 矩形 of J5 、F.Silkscreen 上
    @(75.0000 mm, 72.0000 mm): PTHパッド 2 [USB_A_DM] (J2)
[silk_over_copper]: Silkscreen clipped by solder mask
    Local override; warning
    @(74.5250 mm, 72.6550 mm): 矩形 of J5 、F.Silkscreen 上
    @(77.0000 mm, 72.0000 mm): PTHパッド 3 [USB_A_DP] (J2)
[silk_over_copper]: Silkscreen clipped by solder mask
    Local override; warning
    @(74.5250 mm, 72.6550 mm): 矩形 of J5 、F.Silkscreen 上
    @(79.5000 mm, 72.0000 mm): PTHパッド 4 [GND] (J2)
[silk_over_copper]: Silkscreen clipped by solder mask
    Local override; warning
    @(75.0572 mm, 72.7300 mm): ポリゴン of J5 、F.Silkscreen 上
    @(75.0000 mm, 72.0000 mm): PTHパッド 2 [USB_A_DM] (J2)
[silk_over_copper]: Silkscreen clipped by solder mask
    Local override; warning
    @(67.8500 mm, 66.0000 mm): 矩形 of J2 、F.Silkscreen 上
    @(84.2150 mm, 78.0000 mm): パッド 1 [+3V3] - C19 ( F.Cu 上)
[silk_over_copper]: Silkscreen clipped by solder mask
    Local override; warning
    @(91.3000 mm, 83.8000 mm): R9のリファレンスフィールド
    @(91.0000 mm, 83.0500 mm): パッド 5 [USB_A_VBUS] - U4 ( F.Cu 上)
[silk_over_copper]: Silkscreen clipped by solder mask
    Local override; warning
    @(91.3000 mm, 83.8000 mm): R9のリファレンスフィールド
    @(91.9500 mm, 83.0500 mm): パッド 4 [GND] - U4 ( F.Cu 上)
[silk_over_copper]: Silkscreen clipped by solder mask
    Local override; warning
    @(118.0000 mm, 89.2400 mm): 基板上のテキスト 'GP23' ( F.Silkscreen 上)
    @(117.0800 mm, 88.0000 mm): PTHパッド 5 [/RUN] (J6)
[silk_over_copper]: Silkscreen clipped by solder mask
    Local override; warning
    @(106.4850 mm, 96.0000 mm): C17のリファレンスフィールド
    @(106.2000 mm, 96.0000 mm): パッド 1 [LED_K] - D2 ( F.Cu 上)
[silk_over_copper]: Silkscreen clipped by solder mask
    Local override; warning
    @(104.0000 mm, 94.8000 mm): R14のリファレンスフィールド
    @(104.2000 mm, 95.4250 mm): パッド 2 [GND] - C9 ( F.Cu 上)
[silk_over_copper]: Silkscreen clipped by solder mask
    Local override; warning
    @(104.0000 mm, 94.8000 mm): R14のリファレンスフィールド
    @(104.2000 mm, 94.4750 mm): パッド 1 [/VREG_AVDD] - C9 ( F.Cu 上)
[silk_over_copper]: Silkscreen clipped by solder mask
    Local override; warning
    @(91.0000 mm, 81.8000 mm): U4のリファレンスフィールド
    @(91.3000 mm, 81.7250 mm): パッド 1 [/GPIO0] - R9 ( F.Cu 上)
[silk_edge_clearance]: Silkscreen clipped by board edge
    Rule: 基板の設定のシルクスクリーンの制約; warning
    @(73.0000 mm, 69.0000 mm): 円弧 (Edge.Cuts 上)
    @(67.8500 mm, 66.0000 mm): 矩形 of J2 、F.Silkscreen 上

** Found 24 unconnected pads **
[unconnected_items]: Missing connection between items
    Local override; error
    @(75.8700 mm, 74.0000 mm): PTHパッド 1 [GND] (J5)
    @(69.4300 mm, 74.7000 mm): PTHパッド 5 [GND] (J2)
[unconnected_items]: Missing connection between items
    Local override; error
    @(90.0500 mm, 71.0500 mm): パッド 5 [GND] - U3 ( F.Cu 上)
    @(90.0500 mm, 72.9500 mm): パッド 1 [GND] - U3 ( F.Cu 上)
[unconnected_items]: Missing connection between items
    Local override; error
    @(90.0500 mm, 72.9500 mm): パッド 1 [GND] - U3 ( F.Cu 上)
    @(91.9500 mm, 72.9500 mm): パッド 3 [GND] - U3 ( F.Cu 上)
[unconnected_items]: Missing connection between items
    Local override; error
    @(90.0500 mm, 83.0500 mm): パッド 6 [GND] - U4 ( F.Cu 上)
    @(91.9500 mm, 83.0500 mm): パッド 4 [GND] - U4 ( F.Cu 上)
[unconnected_items]: Missing connection between items
    Local override; error
    @(91.9500 mm, 83.0500 mm): パッド 4 [GND] - U4 ( F.Cu 上)
    @(91.0000 mm, 84.9500 mm): パッド 2 [GND] - U4 ( F.Cu 上)
[unconnected_items]: Missing connection between items
    Local override; error
    @(94.9000 mm, 82.8000 mm): ビア [GND] (F.Cu - B.Cu 上)
    @(91.9500 mm, 83.0500 mm): パッド 4 [GND] - U4 ( F.Cu 上)
[unconnected_items]: Missing connection between items
    Local override; error
    @(84.8000 mm, 72.0000 mm): パッド 2 [VBUS] - R13 ( F.Cu 上)
    @(83.2000 mm, 72.0000 mm): パッド 1 [VBUS] - R13 ( F.Cu 上)
[unconnected_items]: Missing connection between items
    Local override; error
    @(91.0000 mm, 72.9500 mm): パッド 2 [VBUS] - U3 ( F.Cu 上)
    @(84.8000 mm, 72.0000 mm): パッド 2 [VBUS] - R13 ( F.Cu 上)
[unconnected_items]: Missing connection between items
    Local override; error
    @(101.3000 mm, 74.5250 mm): 配線 [VBUS] ( F.Cu 上、長さ: 0.9750 mm )
    @(91.0000 mm, 72.9500 mm): パッド 2 [VBUS] - U3 ( F.Cu 上)
[unconnected_items]: Missing connection between items
    Local override; error
    @(96.5625 mm, 97.6000 mm): 配線 [/GPIO0] ( F.Cu 上、長さ: 0.5625 mm )
    @(112.0000 mm, 88.0000 mm): PTHパッド 3 [/GPIO0] (J6)
[unconnected_items]: Missing connection between items
    Local override; error
    @(96.5625 mm, 98.0000 mm): 配線 [/GPIO1] ( F.Cu 上、長さ: 0.7625 mm )
    @(114.5400 mm, 88.0000 mm): PTHパッド 4 [/GPIO1] (J6)
[unconnected_items]: Missing connection between items
    Local override; error
    @(97.2000 mm, 103.4375 mm): 配線 [/GPIO12] ( F.Cu 上、長さ: 0.3625 mm )
    @(103.2000 mm, 84.0000 mm): パッド 1 [/GPIO12] - R3 ( F.Cu 上)
[unconnected_items]: Missing connection between items
    Local override; error
    @(103.2000 mm, 88.0000 mm): パッド 1 [/GPIO13] - R4 ( F.Cu 上)
    @(97.6000 mm, 103.4375 mm): 配線 [/GPIO13] ( F.Cu 上、長さ: 0.5945 mm )
[unconnected_items]: Missing connection between items
    Local override; error
    @(103.2000 mm, 96.0000 mm): パッド 1 [/GPIO25] - R14 ( F.Cu 上)
    @(103.4375 mm, 100.4000 mm): 配線 [/GPIO25] ( F.Cu 上、長さ: 1.5625 mm )
[unconnected_items]: Missing connection between items
    Local override; error
    @(118.4300 mm, 106.4000 mm): 配線 [/RUN] ( F.Cu 上、長さ: 15.3300 mm )
    @(117.0800 mm, 88.0000 mm): PTHパッド 5 [/RUN] (J6)
[unconnected_items]: Missing connection between items
    Local override; error
    @(72.5000 mm, 72.0000 mm): 配線 [USB_A_VBUS] ( F.Cu 上、長さ: 17.5757 mm )
    @(91.0000 mm, 83.0500 mm): パッド 5 [USB_A_VBUS] - U4 ( F.Cu 上)
[unconnected_items]: Missing connection between items
    Local override; error
    @(91.9500 mm, 71.0500 mm): パッド 4 [USB_A_VBUS] - U3 ( F.Cu 上)
    @(72.5000 mm, 72.0000 mm): 配線 [USB_A_VBUS] ( F.Cu 上、長さ: 17.5757 mm )
[unconnected_items]: Missing connection between items
    Local override; error
    @(103.2000 mm, 88.0000 mm): 配線 [USB_A_DM] ( F.Cu 上、長さ: 12.2909 mm )
    @(75.0000 mm, 72.0000 mm): 配線 [USB_A_DM] ( F.Cu 上、長さ: 20.7390 mm )
[unconnected_items]: Missing connection between items
    Local override; error
    @(75.0000 mm, 72.0000 mm): 配線 [USB_A_DM] ( F.Cu 上、長さ: 20.7390 mm )
    @(91.9500 mm, 84.9500 mm): パッド 3 [USB_A_DM] - U4 ( F.Cu 上)
[unconnected_items]: Missing connection between items
    Local override; error
    @(103.2000 mm, 88.0000 mm): 配線 [USB_A_DM] ( F.Cu 上、長さ: 12.2909 mm )
    @(104.8000 mm, 88.0000 mm): パッド 2 [USB_A_DM] - R4 ( F.Cu 上)
[unconnected_items]: Missing connection between items
    Local override; error
    @(77.0000 mm, 72.0000 mm): 配線 [USB_A_DP] ( F.Cu 上、長さ: 17.0617 mm )
    @(90.0500 mm, 84.9500 mm): パッド 1 [USB_A_DP] - U4 ( F.Cu 上)
[unconnected_items]: Missing connection between items
    Local override; error
    @(90.0500 mm, 84.9500 mm): パッド 1 [USB_A_DP] - U4 ( F.Cu 上)
    @(103.2000 mm, 84.0000 mm): 配線 [USB_A_DP] ( F.Cu 上、長さ: 11.2900 mm )
[unconnected_items]: Missing connection between items
    Local override; error
    @(103.2000 mm, 84.0000 mm): 配線 [USB_A_DP] ( F.Cu 上、長さ: 11.2900 mm )
    @(104.8000 mm, 84.0000 mm): パッド 2 [USB_A_DP] - R3 ( F.Cu 上)
[unconnected_items]: Missing connection between items
    Local override; error
    @(104.8000 mm, 96.0000 mm): パッド 2 [LED_K] - R14 ( F.Cu 上)
    @(106.2000 mm, 96.0000 mm): パッド 1 [LED_K] - D2 ( F.Cu 上)

** Found 0 Footprint errors **

** Ignored checks **
    - Footprint has no courtyard defined
    - Track endpoint not centered on via
    - Tuning profile track geometries
    - Footprint doesn't match symbol's footprint filters
    - PTH inside courtyard
    - NPTH inside courtyard
    - Footprint component type doesn't match footprint pads

** End of Report **
