ERC report (2026-08-27T21:19:45, Encoding UTF8)
Report includes: Errors, Warnings

***** Sheet /
[pin_to_pin]: ピンのタイプ 電源出力 と 電源出力 が接続されています
    ; error
    @(85.09 mm, 45.72 mm): Symbol U2 ピン 2 [OUT, 電源出力, ライン]
    @(85.09 mm, 43.18 mm): Symbol U2 ピン 4 [OUT, 電源出力, ライン]
[power_pin_not_driven]: Input Power pin not driven by any Output Power pins
    ; error
    @(231.14 mm, 121.92 mm): Symbol U1 ピン 46 [VREG_AVDD, 電源入力, ライン]
[power_pin_not_driven]: Input Power pin not driven by any Output Power pins
    ; error
    @(234.95 mm, 87.63 mm): Symbol #PWR16 ピン 1 [電源入力, ライン]
[pin_not_connected]: Pin not connected
    ; error
    @(312.42 mm, 67.31 mm): Symbol U5 ピン 2 [IN, 電源入力, ライン]
[power_pin_not_driven]: Input Power pin not driven by any Output Power pins
    ; error
    @(312.42 mm, 67.31 mm): Symbol U5 ピン 2 [IN, 電源入力, ライン]
[pin_not_connected]: Pin not connected
    ; error
    @(320.04 mm, 62.23 mm): Symbol U5 ピン 3 [EN, 入力, ライン]
[pin_not_driven]: Input pin not driven by any Output pins
    ; error
    @(320.04 mm, 62.23 mm): Symbol U5 ピン 3 [EN, 入力, ライン]
[pin_not_connected]: Pin not connected
    ; error
    @(320.04 mm, 74.93 mm): Symbol U5 ピン 1 [GND, 電源入力, ライン]
[power_pin_not_driven]: Input Power pin not driven by any Output Power pins
    ; error
    @(320.04 mm, 74.93 mm): Symbol U5 ピン 1 [GND, 電源入力, ライン]
[pin_not_connected]: Pin not connected
    ; error
    @(327.66 mm, 67.31 mm): Symbol U5 ピン 4 [OUT, 電源出力, ライン]
[label_dangling]: Label not connected
    ; error
    @(330.20 mm, 88.90 mm): ラベル 'GPIO12_USB_DP_22R'
[label_dangling]: Label not connected
    ; error
    @(330.20 mm, 93.98 mm): ラベル 'GPIO13_USB_DM_22R'
[pin_not_connected]: Pin not connected
    ; error
    @(332.74 mm, 88.90 mm): Symbol U6 ピン 1 [IO1, パッシブ, ライン]
[pin_not_connected]: Pin not connected
    ; error
    @(332.74 mm, 91.44 mm): Symbol U6 ピン 2 [GND, 電源入力, ライン]
[power_pin_not_driven]: Input Power pin not driven by any Output Power pins
    ; error
    @(332.74 mm, 91.44 mm): Symbol U6 ピン 2 [GND, 電源入力, ライン]
[pin_not_connected]: Pin not connected
    ; error
    @(332.74 mm, 93.98 mm): Symbol U6 ピン 3 [IO2, パッシブ, ライン]
[pin_not_connected]: Pin not connected
    ; error
    @(347.98 mm, 67.31 mm): Symbol J2 ピン 2 [D-, パッシブ, ライン]
[pin_not_connected]: Pin not connected
    ; error
    @(347.98 mm, 69.85 mm): Symbol J2 ピン 3 [D+, パッシブ, ライン]
[pin_not_connected]: Pin not connected
    ; error
    @(347.98 mm, 72.39 mm): Symbol J2 ピン 4 [GND, 電源入力, ライン]
[power_pin_not_driven]: Input Power pin not driven by any Output Power pins
    ; error
    @(347.98 mm, 72.39 mm): Symbol J2 ピン 4 [GND, 電源入力, ライン]
[pin_not_connected]: Pin not connected
    ; error
    @(347.98 mm, 91.44 mm): Symbol U6 ピン 5 [VBUS, 電源入力, ライン]
[power_pin_not_driven]: Input Power pin not driven by any Output Power pins
    ; error
    @(347.98 mm, 91.44 mm): Symbol U6 ピン 5 [VBUS, 電源入力, ライン]
[footprint_link_issues]: 現在の構成にはフットプリント ライブラリ '' が含まれていません
    ; warning
    @(21.59 mm, 261.62 mm): シンボル MH1 [Mechanical | Mounting_Holes/RP-01H...]
[lib_symbol_issues]: 現在の構成にはシンボル ライブラリ 'RPI_DB' が含まれていません
    ; warning
    @(21.59 mm, 261.62 mm): シンボル MH1 [Mechanical | Mounting_Holes/RP-01H...]
[footprint_link_issues]: 現在の構成にはフットプリント ライブラリ '' が含まれていません
    ; warning
    @(21.59 mm, 266.70 mm): シンボル MH2 [Mechanical | Mounting_Holes/RP-01H...]
[lib_symbol_issues]: 現在の構成にはシンボル ライブラリ 'RPI_DB' が含まれていません
    ; warning
    @(21.59 mm, 266.70 mm): シンボル MH2 [Mechanical | Mounting_Holes/RP-01H...]
[footprint_link_issues]: 現在の構成にはフットプリント ライブラリ '' が含まれていません
    ; warning
    @(21.59 mm, 271.78 mm): シンボル MH3 [Mechanical | Mounting_Holes/RP-01H...]
[lib_symbol_issues]: 現在の構成にはシンボル ライブラリ 'RPI_DB' が含まれていません
    ; warning
    @(21.59 mm, 271.78 mm): シンボル MH3 [Mechanical | Mounting_Holes/RP-01H...]
[footprint_link_issues]: 現在の構成にはフットプリント ライブラリ '' が含まれていません
    ; warning
    @(21.59 mm, 276.86 mm): シンボル MH4 [Mechanical | Mounting_Holes/RP-01H...]
[lib_symbol_issues]: 現在の構成にはシンボル ライブラリ 'RPI_DB' が含まれていません
    ; warning
    @(21.59 mm, 276.86 mm): シンボル MH4 [Mechanical | Mounting_Holes/RP-01H...]
[lib_symbol_issues]: 現在の構成にはシンボル ライブラリ 'RPI - Power' が含まれていません
    ; warning
    @(26.67 mm, 33.02 mm): シンボル #PWR032 [GND]
[footprint_link_issues]: 現在の構成にはフットプリント ライブラリ '' が含まれていません
    ; warning
    @(26.67 mm, 49.53 mm): シンボル J1 [Connectors | USB/RP-019A1P-1JAX7V]
[lib_symbol_issues]: 現在の構成にはシンボル ライブラリ 'RPI_DB' が含まれていません
    ; warning
    @(26.67 mm, 49.53 mm): シンボル J1 [Connectors | USB/RP-019A1P-1JAX7V]
[footprint_link_issues]: 現在の構成にはフットプリント ライブラリ '' が含まれていません
    ; warning
    @(27.94 mm, 138.43 mm): シンボル R6 [Resistors | Chip | M1005/RP-019A1P...]
[lib_symbol_issues]: 現在の構成にはシンボル ライブラリ 'RPI_DB' が含まれていません
    ; warning
    @(27.94 mm, 138.43 mm): シンボル R6 [Resistors | Chip | M1005/RP-019A1P...]
[footprint_link_issues]: 現在の構成にはフットプリント ライブラリ '' が含まれていません
    ; warning
    @(27.94 mm, 163.83 mm): シンボル SW1 [Electromechanical | Switches | Tac...]
[lib_symbol_issues]: 現在の構成にはシンボル ライブラリ 'RPI_DB' が含まれていません
    ; warning
    @(27.94 mm, 163.83 mm): シンボル SW1 [Electromechanical | Switches | Tac...]
[lib_symbol_issues]: 現在の構成にはシンボル ライブラリ 'RPI - Power' が含まれていません
    ; warning
    @(27.94 mm, 172.72 mm): シンボル #PWR17 [GND]
[footprint_link_issues]: 現在の構成にはフットプリント ライブラリ '' が含まれていません
    ; warning
    @(38.10 mm, 119.38 mm): シンボル R9 [Resistors | Chip | M1005/RP-019A1P...]
[lib_symbol_issues]: 現在の構成にはシンボル ライブラリ 'RPI_DB' が含まれていません
    ; warning
    @(38.10 mm, 119.38 mm): シンボル R9 [Resistors | Chip | M1005/RP-019A1P...]
[footprint_link_issues]: 現在の構成にはフットプリント ライブラリ '' が含まれていません
    ; warning
    @(38.10 mm, 128.27 mm): シンボル R10 [Resistors | Chip | M1005/RP-019A1P...]
[lib_symbol_issues]: 現在の構成にはシンボル ライブラリ 'RPI_DB' が含まれていません
    ; warning
    @(38.10 mm, 128.27 mm): シンボル R10 [Resistors | Chip | M1005/RP-019A1P...]
[lib_symbol_issues]: 現在の構成にはシンボル ライブラリ 'RPI - Power' が含まれていません
    ; warning
    @(41.91 mm, 66.04 mm): シンボル #PWR1 [GND]
[lib_symbol_issues]: 現在の構成にはシンボル ライブラリ 'RPI - Power' が含まれていません
    ; warning
    @(48.26 mm, 43.18 mm): シンボル #PWR2 [PWR_NET]
[footprint_link_issues]: 現在の構成にはフットプリント ライブラリ '' が含まれていません
    ; warning
    @(58.42 mm, 52.07 mm): シンボル C1 [Capacitors | MLCC | M2012/RP-01GYS...]
[lib_symbol_issues]: 現在の構成にはシンボル ライブラリ 'RPI_DB' が含まれていません
    ; warning
    @(58.42 mm, 52.07 mm): シンボル C1 [Capacitors | MLCC | M2012/RP-01GYS...]
[lib_symbol_issues]: 現在の構成にはシンボル ライブラリ 'RPI - Power' が含まれていません
    ; warning
    @(58.42 mm, 57.15 mm): シンボル #PWR3 [GND]
[footprint_link_issues]: 現在の構成にはフットプリント ライブラリ '' が含まれていません
    ; warning
    @(58.42 mm, 119.38 mm): シンボル R1 [Resistors | Chip | M1005/RP-019A1P...]
[lib_symbol_issues]: 現在の構成にはシンボル ライブラリ 'RPI_DB' が含まれていません
    ; warning
    @(58.42 mm, 119.38 mm): シンボル R1 [Resistors | Chip | M1005/RP-019A1P...]
[footprint_link_issues]: 現在の構成にはフットプリント ライブラリ '' が含まれていません
    ; warning
    @(71.12 mm, 135.89 mm): シンボル U3 [Integrated_Circuits | Memory | Ser...]
[lib_symbol_issues]: 現在の構成にはシンボル ライブラリ 'RPI_DB' が含まれていません
    ; warning
    @(71.12 mm, 135.89 mm): シンボル U3 [Integrated_Circuits | Memory | Ser...]
[footprint_link_issues]: 現在の構成にはフットプリント ライブラリ '' が含まれていません
    ; warning
    @(76.20 mm, 44.45 mm): シンボル U2 [Integrated_Circuits | Power | LDO/...]
[lib_symbol_issues]: 現在の構成にはシンボル ライブラリ 'RPI_DB' が含まれていません
    ; warning
    @(76.20 mm, 44.45 mm): シンボル U2 [Integrated_Circuits | Power | LDO/...]
[lib_symbol_issues]: 現在の構成にはシンボル ライブラリ 'RPI - Power' が含まれていません
    ; warning
    @(76.20 mm, 53.34 mm): シンボル #PWR8 [GND]
[lib_symbol_issues]: 現在の構成にはシンボル ライブラリ 'RPI - Power' が含まれていません
    ; warning
    @(82.55 mm, 147.32 mm): シンボル #PWR5 [GND]
[lib_symbol_issues]: 現在の構成にはシンボル ライブラリ 'RPI - Power' が含まれていません
    ; warning
    @(83.82 mm, 111.76 mm): シンボル #PWR4 [PWR_NET]
[footprint_link_issues]: 現在の構成にはフットプリント ライブラリ '' が含まれていません
    ; warning
    @(90.17 mm, 133.35 mm): シンボル C2 [Capacitors | MLCC | M1005/RP-01BJ9...]
[lib_symbol_issues]: 現在の構成にはシンボル ライブラリ 'RPI_DB' が含まれていません
    ; warning
    @(90.17 mm, 133.35 mm): シンボル C2 [Capacitors | MLCC | M1005/RP-01BJ9...]
[lib_symbol_issues]: 現在の構成にはシンボル ライブラリ 'RPI - Power' が含まれていません
    ; warning
    @(90.17 mm, 138.43 mm): シンボル #PWR6 [GND]
[lib_symbol_issues]: 現在の構成にはシンボル ライブラリ 'RPI - Power' が含まれていません
    ; warning
    @(93.98 mm, 43.18 mm): シンボル #PWR10 [PWR_NET]
[footprint_link_issues]: 現在の構成にはフットプリント ライブラリ '' が含まれていません
    ; warning
    @(93.98 mm, 52.07 mm): シンボル C5 [Capacitors | MLCC | M2012/RP-01GYS...]
[lib_symbol_issues]: 現在の構成にはシンボル ライブラリ 'RPI_DB' が含まれていません
    ; warning
    @(93.98 mm, 52.07 mm): シンボル C5 [Capacitors | MLCC | M2012/RP-01GYS...]
[lib_symbol_issues]: 現在の構成にはシンボル ライブラリ 'RPI - Power' が含まれていません
    ; warning
    @(93.98 mm, 57.15 mm): シンボル #PWR11 [GND]
[lib_symbol_issues]: 現在の構成にはシンボル ライブラリ 'RPI - Power' が含まれていません
    ; warning
    @(95.25 mm, 227.33 mm): シンボル #PWR7 [GND]
[footprint_link_issues]: 現在の構成にはフットプリント ライブラリ '' が含まれていません
    ; warning
    @(106.68 mm, 209.55 mm): シンボル C3 [Capacitors | MLCC | M1005/RP-01C89...]
[lib_symbol_issues]: 現在の構成にはシンボル ライブラリ 'RPI_DB' が含まれていません
    ; warning
    @(106.68 mm, 209.55 mm): シンボル C3 [Capacitors | MLCC | M1005/RP-01C89...]
[footprint_link_issues]: 現在の構成にはフットプリント ライブラリ '' が含まれていません
    ; warning
    @(106.68 mm, 224.79 mm): シンボル C4 [Capacitors | MLCC | M1005/RP-01C89...]
[lib_symbol_issues]: 現在の構成にはシンボル ライブラリ 'RPI_DB' が含まれていません
    ; warning
    @(106.68 mm, 224.79 mm): シンボル C4 [Capacitors | MLCC | M1005/RP-01C89...]
[footprint_link_issues]: 現在の構成にはフットプリント ライブラリ '' が含まれていません
    ; warning
    @(116.84 mm, 217.17 mm): シンボル X1 [Frequency_Timing | Crystals/RP-01G...]
[lib_symbol_issues]: 現在の構成にはシンボル ライブラリ 'RPI_DB' が含まれていません
    ; warning
    @(116.84 mm, 217.17 mm): シンボル X1 [Frequency_Timing | Crystals/RP-01G...]
[footprint_link_issues]: 現在の構成にはフットプリント ライブラリ '' が含まれていません
    ; warning
    @(134.62 mm, 224.79 mm): シンボル R2 [Resistors | Chip | M1005/RP-019A1P...]
[lib_symbol_issues]: 現在の構成にはシンボル ライブラリ 'RPI_DB' が含まれていません
    ; warning
    @(134.62 mm, 224.79 mm): シンボル R2 [Resistors | Chip | M1005/RP-019A1P...]
[lib_symbol_issues]: 現在の構成にはシンボル ライブラリ 'RPI - Power' が含まれていません
    ; warning
    @(152.40 mm, 135.89 mm): シンボル #PWR035 [PWR_NET]
[lib_symbol_issues]: 現在の構成にはシンボル ライブラリ 'RPI - Power' が含まれていません
    ; warning
    @(152.40 mm, 148.59 mm): シンボル #PWR037 [PWR_NET]
[lib_symbol_issues]: 現在の構成にはシンボル ライブラリ 'RPI - Power' が含まれていません
    ; warning
    @(152.40 mm, 161.29 mm): シンボル #PWR036 [PWR_NET]
[lib_symbol_issues]: 現在の構成にはシンボル ライブラリ 'RPI - Power' が含まれていません
    ; warning
    @(172.72 mm, 179.07 mm): シンボル #PWR21 [GND]
[lib_symbol_issues]: 現在の構成にはシンボル ライブラリ 'RPI - Power' が含まれていません
    ; warning
    @(196.85 mm, 208.28 mm): シンボル #PWR041 [PWR_NET]
[footprint_link_issues]: 現在の構成にはフットプリント ライブラリ '' が含まれていません
    ; warning
    @(205.74 mm, 36.83 mm): シンボル C8 [Capacitors | MLCC | M1005/RP-01BJ9...]
[lib_symbol_issues]: 現在の構成にはシンボル ライブラリ 'RPI_DB' が含まれていません
    ; warning
    @(205.74 mm, 36.83 mm): シンボル C8 [Capacitors | MLCC | M1005/RP-01BJ9...]
[lib_symbol_issues]: 現在の構成にはシンボル ライブラリ 'RPI - Power' が含まれていません
    ; warning
    @(205.74 mm, 46.99 mm): シンボル #PWR18 [GND]
[lib_symbol_issues]: 現在の構成にはシンボル ライブラリ 'RPI - Power' が含まれていません
    ; warning
    @(205.74 mm, 107.95 mm): シンボル #PWR034 [PWR_NET]
[footprint_link_issues]: 現在の構成にはフットプリント ライブラリ '' が含まれていません
    ; warning
    @(209.55 mm, 153.67 mm): シンボル U1 [Integrated_Circuits | Microcontrol...]
[lib_symbol_issues]: 現在の構成にはシンボル ライブラリ 'RPI_DB' が含まれていません
    ; warning
    @(209.55 mm, 153.67 mm): シンボル U1 [Integrated_Circuits | Microcontrol...]
[lib_symbol_issues]: 現在の構成にはシンボル ライブラリ 'RPI - Power' が含まれていません
    ; warning
    @(214.63 mm, 208.28 mm): シンボル #PWR042 [PWR_NET]
[footprint_link_issues]: 現在の構成にはフットプリント ライブラリ '' が含まれていません
    ; warning
    @(217.17 mm, 36.83 mm): シンボル C10 [Capacitors | MLCC | M1005/RP-01BJ9...]
[lib_symbol_issues]: 現在の構成にはシンボル ライブラリ 'RPI_DB' が含まれていません
    ; warning
    @(217.17 mm, 36.83 mm): シンボル C10 [Capacitors | MLCC | M1005/RP-01BJ9...]
[footprint_link_issues]: 現在の構成にはフットプリント ライブラリ '' が含まれていません
    ; warning
    @(226.06 mm, 101.60 mm): シンボル L1 [Inductors | Fixed | M2016/RP-01GY5...]
[lib_symbol_issues]: 現在の構成にはシンボル ライブラリ 'RPI_DB' が含まれていません
    ; warning
    @(226.06 mm, 101.60 mm): シンボル L1 [Inductors | Fixed | M2016/RP-01GY5...]
[footprint_link_issues]: 現在の構成にはフットプリント ライブラリ '' が含まれていません
    ; warning
    @(228.60 mm, 36.83 mm): シンボル C11 [Capacitors | MLCC | M1005/RP-01BJ9...]
[lib_symbol_issues]: 現在の構成にはシンボル ライブラリ 'RPI_DB' が含まれていません
    ; warning
    @(228.60 mm, 36.83 mm): シンボル C11 [Capacitors | MLCC | M1005/RP-01BJ9...]
[lib_symbol_issues]: 現在の構成にはシンボル ライブラリ 'RPI - Power' が含まれていません
    ; warning
    @(232.41 mm, 208.28 mm): シンボル #PWR09 [PWR_NET]
[lib_symbol_issues]: 現在の構成にはシンボル ライブラリ 'RPI - Power' が含まれていません
    ; warning
    @(234.95 mm, 87.63 mm): シンボル #PWR16 [PWR_NET]
[footprint_link_issues]: 現在の構成にはフットプリント ライブラリ '' が含まれていません
    ; warning
    @(234.95 mm, 101.60 mm): シンボル C7 [Capacitors | MLCC | M1005/RP-019A1...]
[lib_symbol_issues]: 現在の構成にはシンボル ライブラリ 'RPI_DB' が含まれていません
    ; warning
    @(234.95 mm, 101.60 mm): シンボル C7 [Capacitors | MLCC | M1005/RP-019A1...]
[lib_symbol_issues]: 現在の構成にはシンボル ライブラリ 'RPI - Power' が含まれていません
    ; warning
    @(237.49 mm, 27.94 mm): シンボル #PWR20 [PWR_NET]
[lib_symbol_issues]: 現在の構成にはシンボル ライブラリ 'RPI - Power' が含まれていません
    ; warning
    @(246.38 mm, 87.63 mm): シンボル #PWR033 [PWR_NET]
[footprint_link_issues]: 現在の構成にはフットプリント ライブラリ '' が含まれていません
    ; warning
    @(246.38 mm, 101.60 mm): シンボル C6 [Capacitors | MLCC | M1005/RP-019A1...]
[lib_symbol_issues]: 現在の構成にはシンボル ライブラリ 'RPI_DB' が含まれていません
    ; warning
    @(246.38 mm, 101.60 mm): シンボル C6 [Capacitors | MLCC | M1005/RP-019A1...]
[lib_symbol_issues]: 現在の構成にはシンボル ライブラリ 'RPI - Power' が含まれていません
    ; warning
    @(246.38 mm, 110.49 mm): シンボル #PWR14 [GND]
[footprint_link_issues]: 現在の構成にはフットプリント ライブラリ '' が含まれていません
    ; warning
    @(264.16 mm, 215.90 mm): シンボル SW2 [Electromechanical | Switches | Tac...]
[lib_symbol_issues]: 現在の構成にはシンボル ライブラリ 'RPI_DB' が含まれていません
    ; warning
    @(264.16 mm, 215.90 mm): シンボル SW2 [Electromechanical | Switches | Tac...]
[lib_symbol_issues]: 現在の構成にはシンボル ライブラリ 'RPI - Power' が含まれていません
    ; warning
    @(266.70 mm, 135.89 mm): シンボル #PWR040 [PWR_NET]
[lib_symbol_issues]: 現在の構成にはシンボル ライブラリ 'RPI - Power' が含まれていません
    ; warning
    @(266.70 mm, 151.13 mm): シンボル #PWR039 [PWR_NET]
[footprint_link_issues]: 現在の構成にはフットプリント ライブラリ '' が含まれていません
    ; warning
    @(269.24 mm, 66.04 mm): シンボル R7 [Resistors | Chip | M1005/RP-01C89V...]
[lib_symbol_issues]: 現在の構成にはシンボル ライブラリ 'RPI_DB' が含まれていません
    ; warning
    @(269.24 mm, 66.04 mm): シンボル R7 [Resistors | Chip | M1005/RP-01C89V...]
[footprint_link_issues]: 現在の構成にはフットプリント ライブラリ '' が含まれていません
    ; warning
    @(269.24 mm, 74.93 mm): シンボル R8 [Resistors | Chip | M1005/RP-01C89V...]
[lib_symbol_issues]: 現在の構成にはシンボル ライブラリ 'RPI_DB' が含まれていません
    ; warning
    @(269.24 mm, 74.93 mm): シンボル R8 [Resistors | Chip | M1005/RP-01C89V...]
[lib_symbol_issues]: 現在の構成にはシンボル ライブラリ 'RPI - Power' が含まれていません
    ; warning
    @(271.78 mm, 153.67 mm): シンボル #PWR038 [PWR_NET]
[lib_symbol_issues]: 現在の構成にはシンボル ライブラリ 'RPI - BOM Directives' が含まれていません
    ; warning
    @(271.78 mm, 273.05 mm): シンボル SBREV1 [SCH_BOM_REV]
[lib_symbol_issues]: 現在の構成にはシンボル ライブラリ 'RPI - Power' が含まれていません
    ; warning
    @(273.05 mm, 102.87 mm): シンボル #PWR13 [PWR_NET]
[footprint_link_issues]: 現在の構成にはフットプリント ライブラリ '' が含まれていません
    ; warning
    @(273.05 mm, 109.22 mm): シンボル R3 [Resistors | Chip | M1005/RP-019A1P...]
[lib_symbol_issues]: 現在の構成にはシンボル ライブラリ 'RPI_DB' が含まれていません
    ; warning
    @(273.05 mm, 109.22 mm): シンボル R3 [Resistors | Chip | M1005/RP-019A1P...]
[footprint_link_issues]: 現在の構成にはフットプリント ライブラリ '' が含まれていません
    ; warning
    @(273.05 mm, 124.46 mm): シンボル C9 [Capacitors | MLCC | M1005/RP-019A1...]
[lib_symbol_issues]: 現在の構成にはシンボル ライブラリ 'RPI_DB' が含まれていません
    ; warning
    @(273.05 mm, 124.46 mm): シンボル C9 [Capacitors | MLCC | M1005/RP-019A1...]
[lib_symbol_issues]: 現在の構成にはシンボル ライブラリ 'RPI - Power' が含まれていません
    ; warning
    @(273.05 mm, 128.27 mm): シンボル #PWR19 [GND]
[lib_symbol_issues]: 現在の構成にはシンボル ライブラリ 'RPI - Power' が含まれていません
    ; warning
    @(276.86 mm, 27.94 mm): シンボル #PWR22 [PWR_NET]
[footprint_link_issues]: 現在の構成にはフットプリント ライブラリ '' が含まれていません
    ; warning
    @(279.40 mm, 215.90 mm): シンボル R4 [Resistors | Chip | M1005/RP-019A1P...]
[lib_symbol_issues]: 現在の構成にはシンボル ライブラリ 'RPI_DB' が含まれていません
    ; warning
    @(279.40 mm, 215.90 mm): シンボル R4 [Resistors | Chip | M1005/RP-019A1P...]
[footprint_link_issues]: 現在の構成にはフットプリント ライブラリ '' が含まれていません
    ; warning
    @(285.75 mm, 36.83 mm): シンボル C12 [Capacitors | MLCC | M1005/RP-01BJ9...]
[lib_symbol_issues]: 現在の構成にはシンボル ライブラリ 'RPI_DB' が含まれていません
    ; warning
    @(285.75 mm, 36.83 mm): シンボル C12 [Capacitors | MLCC | M1005/RP-01BJ9...]
[lib_symbol_issues]: 現在の構成にはシンボル ライブラリ 'RPI - Power' が含まれていません
    ; warning
    @(289.56 mm, 217.17 mm): シンボル #PWR15 [GND]
[footprint_link_issues]: 現在の構成にはフットプリント ライブラリ '' が含まれていません
    ; warning
    @(297.18 mm, 36.83 mm): シンボル C13 [Capacitors | MLCC | M1005/RP-01BJ9...]
[lib_symbol_issues]: 現在の構成にはシンボル ライブラリ 'RPI_DB' が含まれていません
    ; warning
    @(297.18 mm, 36.83 mm): シンボル C13 [Capacitors | MLCC | M1005/RP-01BJ9...]
[lib_symbol_issues]: 現在の構成にはシンボル ライブラリ 'RPI - Power' が含まれていません
    ; warning
    @(299.72 mm, 135.89 mm): シンボル #PWR27 [PWR_NET]
[footprint_link_issues]: 現在の構成にはフットプリント ライブラリ '' が含まれていません
    ; warning
    @(299.72 mm, 142.24 mm): シンボル C19 [Capacitors | MLCC | M2012/RP-01GYS...]
[lib_symbol_issues]: 現在の構成にはシンボル ライブラリ 'RPI_DB' が含まれていません
    ; warning
    @(299.72 mm, 142.24 mm): シンボル C19 [Capacitors | MLCC | M2012/RP-01GYS...]
[lib_symbol_issues]: 現在の構成にはシンボル ライブラリ 'RPI - Power' が含まれていません
    ; warning
    @(299.72 mm, 147.32 mm): シンボル #PWR28 [GND]
[lib_symbol_issues]: 現在の構成にはシンボル ライブラリ 'RPI - BOM Directives' が含まれていません
    ; warning
    @(300.99 mm, 259.08 mm): シンボル VARIANT1 [VARIANT]
[footprint_link_issues]: 現在の構成にはフットプリント ライブラリ '' が含まれていません
    ; warning
    @(308.61 mm, 36.83 mm): シンボル C14 [Capacitors | MLCC | M1005/RP-01BJ9...]
[lib_symbol_issues]: 現在の構成にはシンボル ライブラリ 'RPI_DB' が含まれていません
    ; warning
    @(308.61 mm, 36.83 mm): シンボル C14 [Capacitors | MLCC | M1005/RP-01BJ9...]
[lib_symbol_issues]: 現在の構成にはシンボル ライブラリ 'RPI - Power' が含まれていません
    ; warning
    @(312.42 mm, 167.64 mm): シンボル #PWR24 [GND]
[footprint_link_issues]: 現在の構成にはフットプリント ライブラリ '' が含まれていません
    ; warning
    @(320.04 mm, 36.83 mm): シンボル C15 [Capacitors | MLCC | M1005/RP-01BJ9...]
[lib_symbol_issues]: 現在の構成にはシンボル ライブラリ 'RPI_DB' が含まれていません
    ; warning
    @(320.04 mm, 36.83 mm): シンボル C15 [Capacitors | MLCC | M1005/RP-01BJ9...]
[footprint_link_issues]: 現在の構成にはフットプリント ライブラリ '' が含まれていません
    ; warning
    @(320.04 mm, 68.58 mm): シンボル U5 [TPS2051B]
[lib_symbol_issues]: 現在の構成にはシンボル ライブラリ 'BareHost' が含まれていません
    ; warning
    @(320.04 mm, 68.58 mm): シンボル U5 [TPS2051B]
[footprint_link_issues]: 現在の構成にはフットプリント ライブラリ '' が含まれていません
    ; warning
    @(321.31 mm, 143.51 mm): シンボル J5 [Connectors | Pin_Headers/RP-01JWH2...]
[lib_symbol_issues]: 現在の構成にはシンボル ライブラリ 'RPI_DB' が含まれていません
    ; warning
    @(321.31 mm, 143.51 mm): シンボル J5 [Connectors | Pin_Headers/RP-01JWH2...]
[lib_symbol_issues]: 現在の構成にはシンボル ライブラリ 'RPI - BOM Directives' が含まれていません
    ; warning
    @(323.85 mm, 274.32 mm): シンボル PCB1 [PCB_PWB_REV]
[footprint_link_issues]: 現在の構成にはフットプリント ライブラリ '' が含まれていません
    ; warning
    @(331.47 mm, 36.83 mm): シンボル C16 [Capacitors | MLCC | M1005/RP-01BJ9...]
[lib_symbol_issues]: 現在の構成にはシンボル ライブラリ 'RPI_DB' が含まれていません
    ; warning
    @(331.47 mm, 36.83 mm): シンボル C16 [Capacitors | MLCC | M1005/RP-01BJ9...]
[lib_symbol_issues]: 現在の構成にはシンボル ライブラリ 'RPI - Power' が含まれていません
    ; warning
    @(332.74 mm, 212.09 mm): シンボル #PWR31 [GND]
[footprint_link_issues]: 現在の構成にはフットプリント ライブラリ '' が含まれていません
    ; warning
    @(340.36 mm, 91.44 mm): シンボル U6 [USBLC6-2SC6]
[lib_symbol_issues]: 現在の構成にはシンボル ライブラリ 'BareHost' が含まれていません
    ; warning
    @(340.36 mm, 91.44 mm): シンボル U6 [USBLC6-2SC6]
[footprint_link_issues]: 現在の構成にはフットプリント ライブラリ '' が含まれていません
    ; warning
    @(342.90 mm, 36.83 mm): シンボル C17 [Capacitors | MLCC | M1005/RP-01BJ9...]
[lib_symbol_issues]: 現在の構成にはシンボル ライブラリ 'RPI_DB' が含まれていません
    ; warning
    @(342.90 mm, 36.83 mm): シンボル C17 [Capacitors | MLCC | M1005/RP-01BJ9...]
[lib_symbol_issues]: 現在の構成にはシンボル ライブラリ 'RPI - Power' が含まれていません
    ; warning
    @(342.90 mm, 120.65 mm): シンボル #PWR25 [PWR_NET]
[lib_symbol_issues]: 現在の構成にはシンボル ライブラリ 'RPI - Power' が含まれていません
    ; warning
    @(342.90 mm, 166.37 mm): シンボル #PWR26 [GND]
[footprint_link_issues]: 現在の構成にはフットプリント ライブラリ '' が含まれていません
    ; warning
    @(345.44 mm, 203.20 mm): シンボル J4 [Connectors | Rectangular/RP-01EKJ1...]
[lib_symbol_issues]: 現在の構成にはシンボル ライブラリ 'RPI_DB' が含まれていません
    ; warning
    @(345.44 mm, 203.20 mm): シンボル J4 [Connectors | Rectangular/RP-01EKJ1...]
[isolated_pin_label]: Label connected to only one pin
    ; warning
    @(347.98 mm, 64.77 mm): ラベル 'USB_A_VBUS_500mA'
[footprint_link_issues]: 現在の構成にはフットプリント ライブラリ '' が含まれていません
    ; warning
    @(354.33 mm, 36.83 mm): シンボル C18 [Capacitors | MLCC | M1005/RP-01BJ9...]
[lib_symbol_issues]: 現在の構成にはシンボル ライブラリ 'RPI_DB' が含まれていません
    ; warning
    @(354.33 mm, 36.83 mm): シンボル C18 [Capacitors | MLCC | M1005/RP-01BJ9...]
[endpoint_off_grid]: Symbol pin or wire end off connection grid
    ; warning
    @(354.33 mm, 45.085 mm): Symbol #PWR23 ピン 1 [電源入力, ライン]
[endpoint_off_grid]: Symbol pin or wire end off connection grid
    ; warning
    @(354.33 mm, 44.45 mm): 垂直ワイヤー, 長さ 0.635 mm
[lib_symbol_issues]: 現在の構成にはシンボル ライブラリ 'RPI - Power' が含まれていません
    ; warning
    @(354.33 mm, 45.085 mm): シンボル #PWR23 [GND]
[footprint_link_issues]: 現在の構成にはフットプリント ライブラリ '' が含まれていません
    ; warning
    @(355.60 mm, 68.58 mm): シンボル J2 [USB_A_Host]
[lib_symbol_issues]: 現在の構成にはシンボル ライブラリ 'BareHost' が含まれていません
    ; warning
    @(355.60 mm, 68.58 mm): シンボル J2 [USB_A_Host]
[lib_symbol_issues]: 現在の構成にはシンボル ライブラリ 'RPI - Power' が含まれていません
    ; warning
    @(358.14 mm, 166.37 mm): シンボル #PWR29 [GND]
[footprint_link_issues]: 現在の構成にはフットプリント ライブラリ '' が含まれていません
    ; warning
    @(379.73 mm, 143.51 mm): シンボル J3 [Connectors | Pin_Headers/RP-01JWH2...]
[lib_symbol_issues]: 現在の構成にはシンボル ライブラリ 'RPI_DB' が含まれていません
    ; warning
    @(379.73 mm, 143.51 mm): シンボル J3 [Connectors | Pin_Headers/RP-01JWH2...]
[lib_symbol_issues]: 現在の構成にはシンボル ライブラリ 'RPI - Power' が含まれていません
    ; warning
    @(388.62 mm, 167.64 mm): シンボル #PWR30 [GND]

 ** ERC messages: 161  Errors 22  Warnings 139

 ** Ignored checks:
    - Global label only appears once in the schematic
    - Four connection points are joined together
    - SPICE model issue
    - Assigned footprint doesn't match footprint filters
